[    0.000000] Linux version 4.15.0-197-generic (buildd@lcy02-amd64-110) (gcc version 7.5.0 (Ubuntu 7.5.0-3ubuntu1~18.04)) #208-Ubuntu SMP Tue Nov 1 17:23:37 UTC 2022 (Ubuntu 4.15.0-197.208-generic 4.15.18)
[    0.000000] Command line: BOOT_IMAGE=/boot/vmlinuz-4.15.0-197-generic root=LABEL=cloudimg-rootfs ro console=tty1 console=ttyS0
[    0.000000] KERNEL supported cpus:
[    0.000000]   Intel GenuineIntel
[    0.000000]   AMD AuthenticAMD
[    0.000000]   Centaur CentaurHauls
[    0.000000] x86/fpu: Supporting XSAVE feature 0x001: 'x87 floating point registers'
[    0.000000] x86/fpu: Supporting XSAVE feature 0x002: 'SSE registers'
[    0.000000] x86/fpu: Supporting XSAVE feature 0x004: 'AVX registers'
[    0.000000] x86/fpu: xstate_offset[2]:  576, xstate_sizes[2]:  256
[    0.000000] x86/fpu: Enabled xstate features 0x7, context size is 832 bytes, using 'standard' format.
[    0.000000] e820: BIOS-provided physical RAM map:
[    0.000000] BIOS-e820: [mem 0x0000000000000000-0x000000000009fbff] usable
[    0.000000] BIOS-e820: [mem 0x000000000009fc00-0x000000000009ffff] reserved
[    0.000000] BIOS-e820: [mem 0x00000000000f0000-0x00000000000fffff] reserved
[    0.000000] BIOS-e820: [mem 0x0000000000100000-0x000000003ffeffff] usable
[    0.000000] BIOS-e820: [mem 0x000000003fff0000-0x000000003fffffff] ACPI data
[    0.000000] BIOS-e820: [mem 0x00000000fec00000-0x00000000fec00fff] reserved
[    0.000000] BIOS-e820: [mem 0x00000000fee00000-0x00000000fee00fff] reserved
[    0.000000] BIOS-e820: [mem 0x00000000fffc0000-0x00000000ffffffff] reserved
[    0.000000] NX (Execute Disable) protection: active
[    0.000000] SMBIOS 2.5 present.
[    0.000000] DMI: innotek GmbH VirtualBox/VirtualBox, BIOS VirtualBox 12/01/2006
[    0.000000] Hypervisor detected: KVM
[    0.000000] e820: last_pfn = 0x3fff0 max_arch_pfn = 0x400000000
[    0.000000] MTRR: Disabled
[    0.000000] x86/PAT: MTRRs disabled, skipping PAT initialization too.
[    0.000000] CPU MTRRs all blank - virtualized system.
[    0.000000] x86/PAT: Configuration [0-7]: WB  WT  UC- UC  WB  WT  UC- UC  
[    0.000000] found SMP MP-table at [mem 0x0009fff0-0x0009ffff]
[    0.000000] Scanning 1 areas for low memory corruption
[    0.000000] RAMDISK: [mem 0x359c7000-0x36cdafff]
[    0.000000] ACPI: Early table checksum verification disabled
[    0.000000] ACPI: RSDP 0x00000000000E0000 000024 (v02 VBOX  )
[    0.000000] ACPI: XSDT 0x000000003FFF0030 00003C (v01 VBOX   VBOXXSDT 00000001 ASL  00000061)
[    0.000000] ACPI: FACP 0x000000003FFF00F0 0000F4 (v04 VBOX   VBOXFACP 00000001 ASL  00000061)
[    0.000000] ACPI: DSDT 0x000000003FFF0610 002353 (v02 VBOX   VBOXBIOS 00000002 INTL 20100528)
[    0.000000] ACPI: FACS 0x000000003FFF0200 000040
[    0.000000] ACPI: FACS 0x000000003FFF0200 000040
[    0.000000] ACPI: APIC 0x000000003FFF0240 00005C (v02 VBOX   VBOXAPIC 00000001 ASL  00000061)
[    0.000000] ACPI: SSDT 0x000000003FFF02A0 00036C (v01 VBOX   VBOXCPUT 00000002 INTL 20100528)
[    0.000000] ACPI: Reserving FACP table memory at [mem 0x3fff00f0-0x3fff01e3]
[    0.000000] ACPI: Reserving DSDT table memory at [mem 0x3fff0610-0x3fff2962]
[    0.000000] ACPI: Reserving FACS table memory at [mem 0x3fff0200-0x3fff023f]
[    0.000000] ACPI: Reserving FACS table memory at [mem 0x3fff0200-0x3fff023f]
[    0.000000] ACPI: Reserving APIC table memory at [mem 0x3fff0240-0x3fff029b]
[    0.000000] ACPI: Reserving SSDT table memory at [mem 0x3fff02a0-0x3fff060b]
[    0.000000] No NUMA configuration found
[    0.000000] Faking a node at [mem 0x0000000000000000-0x000000003ffeffff]
[    0.000000] NODE_DATA(0) allocated [mem 0x3ffc5000-0x3ffeffff]
[    0.000000] kvm-clock: cpu 0, msr 0:3ff44001, primary cpu clock
[    0.000000] kvm-clock: Using msrs 4b564d01 and 4b564d00
[    0.000000] kvm-clock: using sched offset of 4601532319 cycles
[    0.000000] clocksource: kvm-clock: mask: 0xffffffffffffffff max_cycles: 0x1cd42e4dffb, max_idle_ns: 881590591483 ns
[    0.000000] Zone ranges:
[    0.000000]   DMA      [mem 0x0000000000001000-0x0000000000ffffff]
[    0.000000]   DMA32    [mem 0x0000000001000000-0x000000003ffeffff]
[    0.000000]   Normal   empty
[    0.000000]   Device   empty
[    0.000000] Movable zone start for each node
[    0.000000] Early memory node ranges
[    0.000000]   node   0: [mem 0x0000000000001000-0x000000000009efff]
[    0.000000]   node   0: [mem 0x0000000000100000-0x000000003ffeffff]
[    0.000000] Reserved but unavailable: 104 pages
[    0.000000] Initmem setup node 0 [mem 0x0000000000001000-0x000000003ffeffff]
[    0.000000] ACPI: PM-Timer IO Port: 0x4008
[    0.000000] IOAPIC[0]: apic_id 2, version 32, address 0xfec00000, GSI 0-23
[    0.000000] ACPI: INT_SRC_OVR (bus 0 bus_irq 0 global_irq 2 dfl dfl)
[    0.000000] ACPI: INT_SRC_OVR (bus 0 bus_irq 9 global_irq 9 low level)
[    0.000000] Using ACPI (MADT) for SMP configuration information
[    0.000000] smpboot: Allowing 2 CPUs, 0 hotplug CPUs
[    0.000000] PM: Registered nosave memory: [mem 0x00000000-0x00000fff]
[    0.000000] PM: Registered nosave memory: [mem 0x0009f000-0x0009ffff]
[    0.000000] PM: Registered nosave memory: [mem 0x000a0000-0x000effff]
[    0.000000] PM: Registered nosave memory: [mem 0x000f0000-0x000fffff]
[    0.000000] e820: [mem 0x40000000-0xfebfffff] available for PCI devices
[    0.000000] Booting paravirtualized kernel on KVM
[    0.000000] clocksource: refined-jiffies: mask: 0xffffffff max_cycles: 0xffffffff, max_idle_ns: 7645519600211568 ns
[    0.000000] setup_percpu: NR_CPUS:8192 nr_cpumask_bits:2 nr_cpu_ids:2 nr_node_ids:1
[    0.000000] percpu: Embedded 50 pages/cpu s167936 r8192 d28672 u1048576
[    0.000000] PV qspinlock hash table entries: 256 (order: 0, 4096 bytes)
[    0.000000] Built 1 zonelists, mobility grouping on.  Total pages: 257913
[    0.000000] Policy zone: DMA32
[    0.000000] Kernel command line: BOOT_IMAGE=/boot/vmlinuz-4.15.0-197-generic root=LABEL=cloudimg-rootfs ro console=tty1 console=ttyS0
[    0.000000] Memory: 982644K/1048120K available (12300K kernel code, 2477K rwdata, 4320K rodata, 2472K init, 2720K bss, 65476K reserved, 0K cma-reserved)
[    0.000000] SLUB: HWalign=64, Order=0-3, MinObjects=0, CPUs=2, Nodes=1
[    0.000000] ftrace: allocating 39478 entries in 155 pages
[    0.004000] Hierarchical RCU implementation.
[    0.004000] 	RCU restricting CPUs from NR_CPUS=8192 to nr_cpu_ids=2.
[    0.004000] 	Tasks RCU enabled.
[    0.004000] RCU: Adjusting geometry for rcu_fanout_leaf=16, nr_cpu_ids=2
[    0.004000] NR_IRQS: 524544, nr_irqs: 440, preallocated irqs: 16
[    0.004000] random: crng init done
[    0.004000] Console: colour VGA+ 80x25
[    0.004000] console [tty1] enabled
[    0.004000] console [ttyS0] enabled
[    0.004000] ACPI: Core revision 20170831
[    0.004000] ACPI: 2 ACPI AML tables successfully acquired and loaded
[    0.004000] APIC: Switch to symmetric I/O mode setup
[    0.004000] x2apic enabled
[    0.004017] Switched APIC routing to physical x2apic.
[    0.008000] ..TIMER: vector=0x30 apic1=0 pin1=2 apic2=-1 pin2=-1
[    0.008007] tsc: Detected 1190.390 MHz processor
[    0.010100] Calibrating delay loop (skipped) preset value.. 2380.78 BogoMIPS (lpj=4761560)
[    0.012004] pid_max: default: 32768 minimum: 301
[    0.014161] Security Framework initialized
[    0.016010] Yama: becoming mindful.
[    0.020056] AppArmor: AppArmor initialized
[    0.024076] Dentry cache hash table entries: 131072 (order: 8, 1048576 bytes)
[    0.028145] Inode-cache hash table entries: 65536 (order: 7, 524288 bytes)
[    0.032036] Mount-cache hash table entries: 2048 (order: 2, 16384 bytes)
[    0.036016] Mountpoint-cache hash table entries: 2048 (order: 2, 16384 bytes)
[    0.039252] Last level iTLB entries: 4KB 0, 2MB 0, 4MB 0
[    0.040012] Last level dTLB entries: 4KB 0, 2MB 0, 4MB 0, 1GB 0
[    0.044017] Spectre V1 : Mitigation: usercopy/swapgs barriers and __user pointer sanitization
[    0.048009] Spectre V2 : Mitigation: Retpolines
[    0.052008] Spectre V2 : Spectre v2 / SpectreRSB mitigation: Filling RSB on context switch
[    0.056007] Speculative Store Bypass: Vulnerable
[    0.057998] MMIO Stale Data: Vulnerable: Clear CPU buffers attempted, no microcode
[    0.060014] SRBDS: Unknown: Dependent on hypervisor status
[    0.064490] Freeing SMP alternatives memory: 36K
[    0.184248] smpboot: CPU0: Intel(R) Core(TM) i5-1035G1 CPU @ 1.00GHz (family: 0x6, model: 0x7e, stepping: 0x5)
[    0.188233] Performance Events: unsupported p6 CPU model 126 no PMU driver, software events only.
[    0.192101] Hierarchical SRCU implementation.
[    0.197708] NMI watchdog: Perf event create on CPU 0 failed with -2
[    0.200008] NMI watchdog: Perf NMI watchdog permanently disabled
[    0.202849] smp: Bringing up secondary CPUs ...
[    0.204260] x86: Booting SMP configuration:
[    0.208011] .... node  #0, CPUs:      #1
[    0.004000] kvm-clock: cpu 1, msr 0:3ff44041, secondary cpu clock
[    0.220103] smp: Brought up 1 node, 2 CPUs
[    0.222353] smpboot: Max logical packages: 1
[    0.224018] smpboot: Total of 2 processors activated (4761.56 BogoMIPS)
[    0.228303] devtmpfs: initialized
[    0.232147] x86/mm: Memory block size: 128MB
[    0.235711] evm: security.selinux
[    0.236027] evm: security.SMACK64
[    0.240007] evm: security.SMACK64EXEC
[    0.241772] evm: security.SMACK64TRANSMUTE
[    0.244008] evm: security.SMACK64MMAP
[    0.245834] evm: security.apparmor
[    0.248008] evm: security.ima
[    0.249577] evm: security.capability
[    0.252225] clocksource: jiffies: mask: 0xffffffff max_cycles: 0xffffffff, max_idle_ns: 7645041785100000 ns
[    0.256051] futex hash table entries: 512 (order: 3, 32768 bytes)
[    0.260111] pinctrl core: initialized pinctrl subsystem
[    0.272237] RTC time:  3:20:28, date: 11/23/22
[    0.280140] NET: Registered protocol family 16
[    0.281358] audit: initializing netlink subsys (disabled)
[    0.284024] audit: type=2000 audit(1669173634.368:1): state=initialized audit_enabled=0 res=1
[    0.288036] cpuidle: using governor ladder
[    0.290048] cpuidle: using governor menu
[    0.292112] ACPI: bus type PCI registered
[    0.294007] acpiphp: ACPI Hot Plug PCI Controller Driver version: 0.5
[    0.296349] PCI: Using configuration type 1 for base access
[    0.304095] HugeTLB registered 2.00 MiB page size, pre-allocated 0 pages
[    0.308204] ACPI: Added _OSI(Module Device)
[    0.308204] ACPI: Added _OSI(Processor Device)
[    0.312006] ACPI: Added _OSI(3.0 _SCP Extensions)
[    0.312009] ACPI: Added _OSI(Processor Aggregator Device)
[    0.314468] ACPI: Added _OSI(Linux-Dell-Video)
[    0.316011] ACPI: Added _OSI(Linux-Lenovo-NV-HDMI-Audio)
[    0.320010] ACPI: Added _OSI(Linux-HPI-Hybrid-Graphics)
[    0.323096] ACPI: Executed 1 blocks of module-level executable AML code
[    0.335904] ACPI: Interpreter enabled
[    0.336038] ACPI: (supports S0 S5)
[    0.338178] ACPI: Using IOAPIC for interrupt routing
[    0.340709] PCI: Using host bridge windows from ACPI; if necessary, use "pci=nocrs" and report a bug
[    0.348501] ACPI: Enabled 2 GPEs in block 00 to 07
[    0.366937] ACPI: PCI Root Bridge [PCI0] (domain 0000 [bus 00-ff])
[    0.372022] acpi PNP0A03:00: _OSC: OS supports [ASPM ClockPM Segments MSI]
[    0.373360] acpi PNP0A03:00: _OSC: not requesting OS control; OS requires [ExtendedConfig ASPM ClockPM MSI]
[    0.380038] acpi PNP0A03:00: fail to add MMCONFIG information, can't access extended PCI configuration space under this bridge.
[    0.388239] PCI host bridge to bus 0000:00
[    0.390133] pci_bus 0000:00: root bus resource [io  0x0000-0x0cf7 window]
[    0.392013] pci_bus 0000:00: root bus resource [io  0x0d00-0xffff window]
[    0.394955] pci_bus 0000:00: root bus resource [mem 0x000a0000-0x000bffff window]
[    0.400012] pci_bus 0000:00: root bus resource [mem 0x40000000-0xfdffffff window]
[    0.404014] pci_bus 0000:00: root bus resource [bus 00-ff]
[    0.412960] pci 0000:00:01.1: legacy IDE quirk: reg 0x10: [io  0x01f0-0x01f7]
[    0.416000] pci 0000:00:01.1: legacy IDE quirk: reg 0x14: [io  0x03f6]
[    0.416009] pci 0000:00:01.1: legacy IDE quirk: reg 0x18: [io  0x0170-0x0177]
[    0.420009] pci 0000:00:01.1: legacy IDE quirk: reg 0x1c: [io  0x0376]
[    0.457861] pci 0000:00:07.0: quirk: [io  0x4000-0x403f] claimed by PIIX4 ACPI
[    0.460041] pci 0000:00:07.0: quirk: [io  0x4100-0x410f] claimed by PIIX4 SMB
[    0.479002] ACPI: PCI Interrupt Link [LNKA] (IRQs 5 9 10 *11)
[    0.480893] ACPI: PCI Interrupt Link [LNKB] (IRQs 5 9 *10 11)
[    0.484381] ACPI: PCI Interrupt Link [LNKC] (IRQs 5 *9 10 11)
[    0.492309] ACPI: PCI Interrupt Link [LNKD] (IRQs 5 9 10 *11)
[    0.496059] SCSI subsystem initialized
[    0.500213] pci 0000:00:02.0: vgaarb: setting as boot VGA device
[    0.502864] pci 0000:00:02.0: vgaarb: VGA device added: decodes=io+mem,owns=io+mem,locks=none
[    0.504014] pci 0000:00:02.0: vgaarb: bridge control possible
[    0.506510] vgaarb: loaded
[    0.508089] ACPI: bus type USB registered
[    0.510059] usbcore: registered new interface driver usbfs
[    0.516032] usbcore: registered new interface driver hub
[    0.516032] usbcore: registered new device driver usb
[    0.520063] EDAC MC: Ver: 3.0.0
[    0.524083] PCI: Using ACPI for IRQ routing
[    0.524741] NetLabel: Initializing
[    0.528002] NetLabel:  domain hash size = 128
[    0.528059] NetLabel:  protocols = UNLABELED CIPSOv4 CALIPSO
[    0.532065] NetLabel:  unlabeled traffic allowed by default
[    0.536212] clocksource: Switched to clocksource kvm-clock
[    0.596007] VFS: Disk quotas dquot_6.6.0
[    0.598554] VFS: Dquot-cache hash table entries: 512 (order 0, 4096 bytes)
[    0.602373] AppArmor: AppArmor Filesystem Enabled
[    0.605009] pnp: PnP ACPI init
[    0.609769] pnp: PnP ACPI: found 3 devices
[    0.619407] clocksource: acpi_pm: mask: 0xffffff max_cycles: 0xffffff, max_idle_ns: 2085701024 ns
[    0.624933] NET: Registered protocol family 2
[    0.627364] IP idents hash table entries: 16384 (order: 5, 131072 bytes)
[    0.631474] TCP established hash table entries: 8192 (order: 4, 65536 bytes)
[    0.649994] TCP bind hash table entries: 8192 (order: 5, 131072 bytes)
[    0.653585] TCP: Hash tables configured (established 8192 bind 8192)
[    0.657266] UDP hash table entries: 512 (order: 2, 16384 bytes)
[    0.660896] UDP-Lite hash table entries: 512 (order: 2, 16384 bytes)
[    0.663726] NET: Registered protocol family 1
[    0.665787] pci 0000:00:00.0: Limiting direct PCI/PCI transfers
[    0.668553] pci 0000:00:01.0: Activating ISA DMA hang workarounds
[    0.671480] pci 0000:00:02.0: Video device with shadowed ROM at [mem 0x000c0000-0x000dffff]
[    0.675435] Unpacking initramfs...
[    1.852480] Freeing initrd memory: 19536K
[    1.854709] clocksource: tsc: mask: 0xffffffffffffffff max_cycles: 0x1128a573bb3, max_idle_ns: 440795203392 ns
[    1.860315] platform rtc_cmos: registered platform RTC device (no PNP device found)
[    1.864151] Scanning for low memory corruption every 60 seconds
[    1.871319] Initialise system trusted keyrings
[    1.873918] Key type blacklist registered
[    1.881210] workingset: timestamp_bits=36 max_order=18 bucket_order=0
[    1.892033] zbud: loaded
[    1.896555] squashfs: version 4.0 (2009/01/31) Phillip Lougher
[    1.903221] fuse init (API version 7.26)
[    1.916979] Key type asymmetric registered
[    1.919518] Asymmetric key parser 'x509' registered
[    1.924534] Block layer SCSI generic (bsg) driver version 0.4 loaded (major 246)
[    1.932372] io scheduler noop registered
[    1.936141] io scheduler deadline registered
[    1.939943] io scheduler cfq registered (default)
[    1.945537] ACPI: AC Adapter [AC] (off-line)
[    1.950502] input: Power Button as /devices/LNXSYSTM:00/LNXPWRBN:00/input/input0
[    1.954564] ACPI: Power Button [PWRF]
[    1.956964] input: Sleep Button as /devices/LNXSYSTM:00/LNXSLPBN:00/input/input1
[    1.961483] ACPI: Sleep Button [SLPF]
[    1.963698] Serial: 8250/16550 driver, 32 ports, IRQ sharing enabled
[    1.965865] ACPI: Battery Slot [BAT0] (battery present)
[    1.991875] 00:02: ttyS0 at I/O 0x3f8 (irq = 4, base_baud = 115200) is a 16550A
[    1.997667] Linux agpgart interface v0.103
[    2.016221] loop: module loaded
[    2.020854] scsi host0: ata_piix
[    2.023665] scsi host1: ata_piix
[    2.026545] ata1: PATA max UDMA/33 cmd 0x1f0 ctl 0x3f6 bmdma 0xd000 irq 14
[    2.031841] ata2: PATA max UDMA/33 cmd 0x170 ctl 0x376 bmdma 0xd008 irq 15
[    2.036483] tun: Universal TUN/TAP device driver, 1.6
[    2.039019] PPP generic driver version 2.4.2
[    2.041222] ehci_hcd: USB 2.0 'Enhanced' Host Controller (EHCI) Driver
[    2.044170] ehci-pci: EHCI PCI platform driver
[    2.046862] ehci-platform: EHCI generic platform driver
[    2.049334] ohci_hcd: USB 1.1 'Open' Host Controller (OHCI) Driver
[    2.051958] ohci-pci: OHCI PCI platform driver
[    2.054131] ohci-platform: OHCI generic platform driver
[    2.056493] uhci_hcd: USB Universal Host Controller Interface driver
[    2.059367] i8042: PNP: PS/2 Controller [PNP0303:PS2K,PNP0f03:PS2M] at 0x60,0x64 irq 1,12
[    2.064125] serio: i8042 KBD port at 0x60,0x64 irq 1
[    2.066472] serio: i8042 AUX port at 0x60,0x64 irq 12
[    2.068905] mousedev: PS/2 mouse device common for all mice
[    2.071840] input: AT Translated Set 2 keyboard as /devices/platform/i8042/serio0/input/input2
[    2.076909] rtc_cmos rtc_cmos: rtc core: registered rtc_cmos as rtc0
[    2.079881] rtc_cmos rtc_cmos: alarms up to one day, 114 bytes nvram
[    2.082883] i2c /dev entries driver
[    2.084813] device-mapper: uevent: version 1.0.3
[    2.087064] device-mapper: ioctl: 4.37.0-ioctl (2017-09-20) initialised: dm-devel@redhat.com
[    2.090954] ledtrig-cpu: registered to indicate activity on CPUs
[    2.094621] NET: Registered protocol family 10
[    2.107392] Segment Routing with IPv6
[    2.110094] NET: Registered protocol family 17
[    2.113009] Key type dns_resolver registered
[    2.116045] mce: Using 0 MCE banks
[    2.118233] RAS: Correctable Errors collector initialized.
[    2.120860] sched_clock: Marking stable (2120808427, 0)->(2602262170, -481453743)
[    2.125082] registered taskstats version 1
[    2.126999] Loading compiled-in X.509 certificates
[    2.134916] Loaded X.509 cert 'Build time autogenerated kernel key: ffc9dd3886e7b6bb89620497cc57c4262b59bc54'
[    2.143413] Loaded X.509 cert 'Canonical Ltd. Live Patch Signing: 14df34d1a87cf37625abec039ef2bf521249b969'
[    2.153075] Loaded X.509 cert 'Canonical Ltd. Kernel Module Signing: 88f752e560a1e0737e31163a466ad7b70a850c19'
[    2.162218] blacklist: Loading compiled-in revocation X.509 certificates
[    2.165946] Loaded X.509 cert 'Canonical Ltd. Secure Boot Signing: 61482aa2830d0ab2ad5af10b7250da9033ddcef0'
[    2.171876] zswap: loaded using pool lzo/zbud
[    2.184145] Key type big_key registered
[    2.186463] Key type trusted registered
[    2.193159] Key type encrypted registered
[    2.195632] AppArmor: AppArmor sha1 policy hashing enabled
[    2.208099] ima: No TPM chip found, activating TPM-bypass! (rc=-19)
[    2.210639] ima: Allocated hash algorithm: sha1
[    2.212267] evm: HMAC attrs: 0x1
[    2.214049]   Magic number: 14:346:311
[    2.225703] rtc_cmos rtc_cmos: setting system clock to 2022-11-23 03:20:30 UTC (1669173630)
[    2.229288] BIOS EDD facility v0.16 2004-Jun-25, 0 devices found
[    2.232811] EDD information not available.
[    2.240740] Freeing unused kernel image memory: 2472K
[    2.256132] Write protecting the kernel read-only data: 20480k
[    2.261207] Freeing unused kernel image memory: 2008K
[    2.265819] Freeing unused kernel image memory: 1824K
[    2.283496] x86/mm: Checked W+X mappings: passed, no W+X pages found.
Loading, please wait...
starting version 237
[    2.467031] Fusion MPT base driver 3.04.20
[    2.470632] Copyright (c) 1999-2008 LSI Corporation
[    2.493678] e1000: Intel(R) PRO/1000 Network Driver - version 7.3.21-k8-NAPI
[    2.498956] e1000: Copyright (c) 1999-2006 Intel Corporation.
[    2.562412] AVX2 version of gcm_enc/dec engaged.
[    2.566754] AES CTR mode by8 optimization enabled
[    2.608518] Fusion MPT SPI Host driver 3.04.20
[    2.712821] input: ImExPS/2 Generic Explorer Mouse as /devices/platform/i8042/serio1/input/input4
[    3.249135] e1000 0000:00:03.0 eth0: (PCI:33MHz:32-bit) 02:a6:12:9f:2a:1a
[    3.255162] e1000 0000:00:03.0 eth0: Intel(R) PRO/1000 Network Connection
[    3.265292] mptbase: ioc0: Initiating bringup
[    3.270801] e1000 0000:00:03.0 enp0s3: renamed from eth0
[    3.908288] ioc0: LSI53C1030 A0: Capabilities={Initiator}
[    5.922231] scsi host2: ioc0: LSI53C1030 A0, FwRev=00000000h, Ports=1, MaxQ=256, IRQ=20
[    7.873030] scsi 2:0:0:0: Direct-Access     VBOX     HARDDISK         1.0  PQ: 0 ANSI: 5
[    7.914479] scsi target2:0:0: Beginning Domain Validation
[    7.923741] scsi target2:0:0: Domain Validation skipping write tests
[    7.929809] scsi target2:0:0: Ending Domain Validation
[    7.934509] scsi target2:0:0: asynchronous
[    7.938645] scsi 2:0:1:0: Direct-Access     VBOX     HARDDISK         1.0  PQ: 0 ANSI: 5
[    8.868732] scsi target2:0:1: Beginning Domain Validation
[    8.878019] scsi target2:0:1: Domain Validation skipping write tests
[    8.889272] scsi target2:0:1: Ending Domain Validation
[    8.895096] scsi target2:0:1: asynchronous
[    8.909497] sd 2:0:0:0: [sda] 83886080 512-byte logical blocks: (42.9 GB/40.0 GiB)
[    8.914227] sd 2:0:0:0: [sda] Write Protect is off
[    8.917517] sd 2:0:0:0: Attached scsi generic sg0 type 0
[    8.921029] sd 2:0:0:0: [sda] Incomplete mode parameter data
[    8.924727] sd 2:0:0:0: [sda] Assuming drive cache: write through
[    8.928934] sd 2:0:1:0: Attached scsi generic sg1 type 0
[    8.933952] sd 2:0:1:0: [sdb] 20480 512-byte logical blocks: (10.5 MB/10.0 MiB)
[    8.934724]  sda: sda1
[    8.951845] sd 2:0:1:0: [sdb] Write Protect is off
[    8.955160] sd 2:0:1:0: [sdb] Incomplete mode parameter data
[    8.956783] sd 2:0:0:0: [sda] Attached SCSI disk
[    8.957358] sd 2:0:1:0: [sdb] Assuming drive cache: write through
[    8.970037] sd 2:0:1:0: [sdb] Attached SCSI disk
Begin: Loading essential drivers ... [   11.040307] raid6: sse2x1   gen()  7331 MB/s
[   11.092160] raid6: sse2x1   xor()  3119 MB/s
[   11.144603] raid6: sse2x2   gen()  4881 MB/s
[   11.192553] raid6: sse2x2   xor()  3457 MB/s
[   11.240174] raid6: sse2x4   gen()  5224 MB/s
[   11.288073] raid6: sse2x4   xor()  3328 MB/s
[   11.336558] raid6: avx2x1   gen() 13030 MB/s
[   11.384284] raid6: avx2x1   xor()  4571 MB/s
[   11.432057] raid6: avx2x2   gen()  9765 MB/s
[   11.480675] raid6: avx2x2   xor()  6381 MB/s
[   11.532732] raid6: avx2x4   gen() 10037 MB/s
[   11.580602] raid6: avx2x4   xor()  5827 MB/s
[   11.583148] raid6: using algorithm avx2x1 gen() 13030 MB/s
[   11.586499] raid6: .... xor() 4571 MB/s, rmw enabled
[   11.589362] raid6: using avx2x2 recovery algorithm
[   11.593586] xor: automatically using best checksumming function   avx       
[   11.600907] async_tx: api initialized (async)
done.
Begin: Running /scripts/init-premount ... done.
Begin: Mounting root file system ... Begin: Running /scripts/local-top ... done.
Begin: Running /scripts/local-premount ... [   11.730502] Btrfs loaded, crc32c=crc32c-intel
Scanning for Btrfs filesystems
done.
Warning: fsck not present, so skipping root file system
[   11.793279] EXT4-fs (sda1): mounted filesystem with ordered data mode. Opts: (null)
done.
Begin: Running /scripts/local-bottom ... done.
Begin: Running /scripts/init-bottom ... done.
[   12.024815] ip_tables: (C) 2000-2006 Netfilter Core Team
[   12.040795] systemd[1]: systemd 237 running in system mode. (+PAM +AUDIT +SELINUX +IMA +APPARMOR +SMACK +SYSVINIT +UTMP +LIBCRYPTSETUP +GCRYPT +GNUTLS +ACL +XZ +LZ4 +SECCOMP +BLKID +ELFUTILS +KMOD -IDN2 +IDN -PCRE2 default-hierarchy=hybrid)
[   12.050252] systemd[1]: Detected virtualization oracle.
[   12.051821] systemd[1]: Detected architecture x86-64.

Welcome to [1mUbuntu 18.04.6 LTS[0m!

[   12.067409] systemd[1]: Set hostname to <ubuntu>.
[   12.078502] systemd[1]: Initializing machine ID from random generator.
[   12.084291] systemd[1]: Installed transient /etc/machine-id file.
[   12.524862] systemd[1]: Reached target System Time Synchronized.
[[0;32m  OK  [0m] Reached target System Time Synchronized.
[   12.531684] systemd[1]: Started Forward Password Requests to Wall Directory Watch.
[[0;32m  OK  [0m] Started Forward Password Requests to Wall Directory Watch.
[   12.544993] systemd[1]: Created slice User and Session Slice.
[[0;32m  OK  [0m] Created slice User and Session Slice.
[   12.551577] systemd[1]: Reached target User and Group Name Lookups.
[[0;32m  OK  [0m] Reached target User and Group Name Lookups.
[[0;32m  OK  [0m] Created slice System Slice.
[[0;32m  OK  [0m] Listening on LVM2 metadata daemon socket.
[[0;32m  OK  [0m] Reached target Slices.
[[0;32m  OK  [0m] Listening on Network Service Netlink Socket.
[[0;32m  OK  [0m] Listening on fsck to fsckd communication Socket.
[[0;32m  OK  [0m] Listening on udev Control Socket.
[[0;32m  OK  [0m] Listening on Journal Socket (/dev/log).
[[0;32m  OK  [0m] Created slice system-serial\x2dgetty.slice.
[[0;32m  OK  [0m] Listening on /dev/initctl Compatibility Named Pipe.
[[0;32m  OK  [0m] Listening on LVM2 poll daemon socket.
[[0;32m  OK  [0m] Listening on Journal Socket.
         Mounting Huge Pages File System...
         Starting Load Kernel Modules...
         Starting File System Check on Root Device...
         Starting Create list of required stâ€¦ce nodes for the current kernel...
         Mounting POSIX Message Queue File System...
         Starting Uncomplicated firewall...
         Mounting Kernel Debug File System...
[[0;32m  OK  [0m] Set up automount Arbitrary Executabâ€¦rmats File System Automount Point.
[   12.657596] Loading iSCSI transport class v2.0-870.
[[0;32m  OK  [0m] Reached target Swap.
         Starting Set the console keyboard layout...
[[0;32m  OK  [0m] Listening on Journal Audit Socket.
[[0;32m  OK  [0m] Listening on Device-mapper event daemon FIFOs.
         Starting Monitoring of LVM2 mirrorsâ€¦ng dmeventd or progress polling...
[[0;32m  OK  [0m] Listening on Syslog Socket.
         Starting Journal Service...
[[0;32m  OK  [0m] Listening on udev Kernel Socket.
         Starting udev Coldplug all Devices...
[[0;32m  OK  [0m] Mounted Huge Pages File System.
[[0;32m  OK  [0m] Started File System Check on Root Device.
[[0;32m  OK  [0m] Started Create list of required staâ€¦vice nodes for the current kernel.
[   12.750807] iscsi: registered transport (tcp)
[[0;32m  OK  [0m] Mounted POSIX Message Queue File System.
[[0;32m  OK  [0m] Started Uncomplicated firewall.
[[0;32m  OK  [0m] Mounted Kernel Debug File System.
[[0;32m  OK  [0m] Started File System Check Daemon to report status.
         Starting Create Static Device Nodes in /dev...
         Starting Remount Root and Kernel File Systems...
[[0;32m  OK  [0m] Started LVM2 metadata daemon.
[[0;32m  OK  [0m] Started Journal Service.
[[0;32m  OK  [0m] Started Create Static Device Nodes in /dev.
[   12.946647] EXT4-fs (sda1): re-mounted. Opts: (null)
[[0;32m  OK  [0m] Started udev Coldplug all Devices.
[[0;32m  OK  [0m] Started Remount Root and Kernel File Systems.
         Starting Load/Save Random Seed...
         Starting udev Kernel Device Manager...
         Starting Flush Journal to Persistent Storage...
[[0;32m  OK  [0m] Started Load/Save Random Seed.
[[0;32m  OK  [0m] Started Monitoring of LVM2 mirrors,â€¦sing dmeventd or progress polling.
[   13.041714] systemd-journald[410]: Received request to flush runtime journal from PID 1
[[0;32m  OK  [0m] Started udev Kernel Device Manager.
[   13.120654] iscsi: registered transport (iser)
[[0;32m  OK  [0m] Started Load Kernel Modules.
         Mounting FUSE Control File System...
         Starting Apply Kernel Variables...
         Mounting Kernel Configuration File System...
[[0;32m  OK  [0m] Mounted FUSE Control File System.
[[0;32m  OK  [0m] Mounted Kernel Configuration File System.
[[0;32m  OK  [0m] Started Flush Journal to Persistent Storage.
[[0;32m  OK  [0m] Started Apply Kernel Variables.
[[0;32m  OK  [0m] Found device /dev/ttyS0.
[[0;32m  OK  [0m] Listening on Load/Save RF Kill Switch Status /dev/rfkill Watch.
         Mounting Arbitrary Executable File Formats File System...
[[0;32m  OK  [0m] Mounted Arbitrary Executable File Formats File System.
[[0;32m  OK  [0m] Started Set the console keyboard layout.
[[0;32m  OK  [0m] Reached target Local File Systems (Pre).
[[0;32m  OK  [0m] Reached target Local File Systems.
         Starting Commit a transient machine-id on disk...
         Starting Set console font and keymap...
         Starting Tell Plymouth To Write Out Runtime Data...
         Starting ebtables ruleset management...
         Starting Create Volatile Files and Directories...
         Starting AppArmor initialization...
[[0;32m  OK  [0m] Started Dispatch Password Requests to Console Directory Watch.
[[0;32m  OK  [0m] Reached target Local Encrypted Volumes.
[[0;32m  OK  [0m] Started Tell Plymouth To Write Out Runtime Data.
[[0;32m  OK  [0m] Started Create Volatile Files and Directories.
[[0;32m  OK  [0m] Started Commit a transient machine-id on disk.
         Starting Update UTMP about System Boot/Shutdown...
[[0;32m  OK  [0m] Started Update UTMP about System Boot/Shutdown.
[[0;32m  OK  [0m] Started ebtables ruleset management.
[[0;32m  OK  [0m] Started AppArmor initialization.
         Starting Load AppArmor profiles managed internally by snapd...
         Starting Initial cloud-init job (pre-networking)...
[[0;32m  OK  [0m] Started Load AppArmor profiles managed internally by snapd.
[[0;32m  OK  [0m] Started Set console font and keymap.
[   21.482207] cloud-init[790]: Cloud-init v. 22.3.4-0ubuntu1~18.04.1 running 'init-local' at Wed, 23 Nov 2022 03:20:48 +0000. Up 20.69 seconds.
[[0;32m  OK  [0m] Started Initial cloud-init job (pre-networking).
[[0;32m  OK  [0m] Reached target Network (Pre).
         Starting Network Service...
[[0;32m  OK  [0m] Started Network Service.
         Starting Wait for Network to be Configured...
         Starting Network Name Resolution...
[[0;32m  OK  [0m] Started Network Name Resolution.
[[0;32m  OK  [0m] Reached target Host and Network Name Lookups.
[[0;32m  OK  [0m] Reached target Network.
[[0;32m  OK  [0m] Started Wait for Network to be Configured.
         Starting Initial cloud-init job (metadata service crawler)...
[   24.350382] cloud-init[919]: Cloud-init v. 22.3.4-0ubuntu1~18.04.1 running 'init' at Wed, 23 Nov 2022 03:20:52 +0000. Up 23.98 seconds.
[   24.357154] cloud-init[919]: ci-info: ++++++++++++++++++++++++++++++++++++++Net device info++++++++++++++++++++++++++++++++++++++
[   24.361630] cloud-init[919]: ci-info: +--------+------+----------------------------+---------------+--------+-------------------+
[   24.364553] cloud-init[919]: ci-info: | Device |  Up  |          Address           |      Mask     | Scope  |     Hw-Address    |
[   24.368530] cloud-init[919]: ci-info: +--------+------+----------------------------+---------------+--------+-------------------+
[   24.372098] cloud-init[919]: ci-info: | enp0s3 | True |         10.0.2.15          | 255.255.255.0 | global | 02:a6:12:9f:2a:1a |
[   24.374929] cloud-init[919]: ci-info: | enp0s3 | True | fe80::a6:12ff:fe9f:2a1a/64 |       .       |  link  | 02:a6:12:9f:2a:1a |
[   24.377683] cloud-init[919]: ci-info: |   lo   | True |         127.0.0.1          |   255.0.0.0   |  host  |         .         |
[   24.381337] cloud-init[919]: ci-info: |   lo   | True |          ::1/128           |       .       |  host  |         .         |
[   24.385203] cloud-init[919]: ci-info: +--------+------+----------------------------+---------------+--------+-------------------+
[   24.388148] cloud-init[919]: ci-info: ++++++++++++++++++++++++++++Route IPv4 info+++++++++++++++++++++++++++++
[   24.390375] cloud-init[919]: ci-info: +-------+-------------+----------+-----------------+-----------+-------+
[   24.392188] cloud-init[919]: ci-info: | Route | Destination | Gateway  |     Genmask     | Interface | Flags |
[   24.396513] cloud-init[919]: ci-info: +-------+-------------+----------+-----------------+-----------+-------+
[   24.401092] cloud-init[919]: ci-info: |   0   |   0.0.0.0   | 10.0.2.2 |     0.0.0.0     |   enp0s3  |   UG  |
[   24.403890] cloud-init[919]: ci-info: |   1   |   10.0.2.0  | 0.0.0.0  |  255.255.255.0  |   enp0s3  |   U   |
[   24.408734] cloud-init[919]: ci-info: |   2   |   10.0.2.2  | 0.0.0.0  | 255.255.255.255 |   enp0s3  |   UH  |
[   24.414374] cloud-init[919]: ci-info: +-------+-------------+----------+-----------------+-----------+-------+
[   24.423080] cloud-init[919]: ci-info: +++++++++++++++++++Route IPv6 info+++++++++++++++++++
[   24.425970] cloud-init[919]: ci-info: +-------+-------------+---------+-----------+-------+
[   24.428018] cloud-init[919]: ci-info: | Route | Destination | Gateway | Interface | Flags |
[   24.445021] cloud-init[919]: ci-info: +-------+-------------+---------+-----------+-------+
[   24.447731] cloud-init[919]: ci-info: |   1   |  fe80::/64  |    ::   |   enp0s3  |   U   |
[   24.450510] cloud-init[919]: ci-info: |   3   |    local    |    ::   |   enp0s3  |   U   |
[   24.464345] cloud-init[919]: ci-info: |   4   |   ff00::/8  |    ::   |   enp0s3  |   U   |
[   24.468356] cloud-init[919]: ci-info: +-------+-------------+---------+-----------+-------+
[   25.697386] cloud-init[919]: Generating public/private rsa key pair.
[   25.699364] cloud-init[919]: Your identification has been saved in /etc/ssh/ssh_host_rsa_key.
[   25.700164] cloud-init[919]: Your public key has been saved in /etc/ssh/ssh_host_rsa_key.pub.
[   25.702154] cloud-init[919]: The key fingerprint is:
[   25.704814] cloud-init[919]: SHA256:Z4/SL0NNxO2McdwEApJSOQT2000Khv2qSKd4XSH3iEo root@ubuntu-bionic
[   25.720799] cloud-init[919]: The key's randomart image is:
[   25.722524] cloud-init[919]: +---[RSA 2048]----+
[   25.732541] cloud-init[919]: |      o**o.ooo.+.|
[   25.744587] cloud-init[919]: |     .oo=+ ++.+ .|
[   25.760760] cloud-init[919]: |       .ooo..*   |
[   25.762468] cloud-init[919]: |      . o.. o o  |
[   25.763987] cloud-init[919]: |       +S=oo     |
[   25.764675] cloud-init[919]: |    E o ++oo.    |
[   25.780584] cloud-init[919]: |   + * o..o .    |
[   25.782575] cloud-init[919]: |  . = o  .o.     |
[   25.792552] cloud-init[919]: |   .       o.    |
[   25.793850] cloud-init[919]: +----[SHA256]-----+
[   25.804556] cloud-init[919]: Generating public/private dsa key pair.
[   25.806399] cloud-init[919]: Your identification has been saved in /etc/ssh/ssh_host_dsa_key.
[   25.809134] cloud-init[919]: Your public key has been saved in /etc/ssh/ssh_host_dsa_key.pub.
[   25.811817] cloud-init[919]: The key fingerprint is:
[   25.813634] cloud-init[919]: SHA256:+17yubU8XlY91msjK9tggu9BZ71XK/Ejgkj85L/g7O0 root@ubuntu-bionic
[   25.816655] cloud-init[919]: The key's randomart image is:
[   25.818685] cloud-init[919]: +---[DSA 1024]----+
[   25.820453] cloud-init[919]: |                 |
[   25.822182] cloud-init[919]: |                 |
[   25.823485] cloud-init[919]: |                 |
[   25.825408] cloud-init[919]: |      .     .   o|
[   25.827314] cloud-init[919]: |       oSo o o o=|
[   25.829115] cloud-init[919]: |      . B.+   = *|
[   25.830172] cloud-init[919]: |       o.B.+.=.Oo|
[   25.831557] cloud-init[919]: |        +.B=++O+o|
[   25.833216] cloud-init[919]: |        oB+EB=+. |
[   25.834783] cloud-init[919]: +----[SHA256]-----+
[   25.836740] cloud-init[919]: Generating public/private ecdsa key pair.
[   25.839117] cloud-init[919]: Your identification has been saved in /etc/ssh/ssh_host_ecdsa_key.
[   25.842148] cloud-init[919]: Your public key has been saved in /etc/ssh/ssh_host_ecdsa_key.pub.
[   25.844481] cloud-init[919]: The key fingerprint is:
[[   25.869132] cloud-init[919]: SHA256:IsSvGV/Sx7+o/3T8WS3kyxlNNhQrWpTzWlWbwnAbxco root@ubuntu-bionic
[   25.869624] cloud-init[919]: The key's randomart image is:
[   25.873978] cloud-init[919]: +---[ECDSA 256]---+
[   25.874461] cloud-init[919]: |           . ++oo|
[   25.875127] cloud-init[919]: |   .        =oo.*|
[   25.875586] cloud-init[919]: |    o       .*+=.|
[   25.876992] cloud-init[919]: |   . . . .  oE+o |
[0;32m  OK  [0m] Started Initial cloud-init job (metadata service crawler).
[   25.878033] cloud-init[919]: |    o + S o.  +.o|
[   25.882690] cloud-init[919]: |     * + . . = +o|
[[   25.884217] cloud-init[919]: |    o .     o * +|
[   25.884797] cloud-init[919]: |           o + *o|
[   25.885008] cloud-init[919]: |        .oo.o +..|
[   25.886499] cloud-init[919]: +----[SHA256]-----+
[   25.887572] cloud-init[919]: Generating public/private ed25519 key pair.
[   25.889060] cloud-init[919]: Your identification has been saved in /etc/ssh/ssh_host_ed25519_key.
[   25.890086] cloud-init[919]: Your public key has been saved in /etc/ssh/ssh_host_ed25519_key.pub.
[   25.890394] cloud-init[919]: The key fingerprint is:
[   25.891105] cloud-init[919]: SHA256:i4gS/kuv7vXbFjRV1cvVvo5H46XUWS+RY4h/JR5AANw root@ubuntu-bionic
[   25.891987] cloud-init[919]: The key's randomart image is:
[   25.893580] cloud-init[919]: +--[ED25519 256]--+
[   25.893797] cloud-init[919]: |       ..o.oo...o|
[   25.894064] cloud-init[919]: |        . E..   +|
[   25.894588] cloud-init[919]: |          .. o.oo|
[   25.894805] cloud-init[919]: |         o. . Bo+|
[   25.895659] cloud-init[919]: |.       S .. o B=|
[   25.896293] cloud-init[919]: |.. . . . o  . ==+|
[   25.896961] cloud-init[919]: |....... . .  o=oo|
[   25.897378] cloud-init[919]: | .o o . ..   ..+ |
[   25.898412] cloud-init[919]: |  o*o. oo.    .  |
[   25.898833] cloud-init[919]: +----[SHA256]-----+
[0;32m  OK  [0m] Reached target Cloud-config availability.
[[0;32m  OK  [0m] Reached target System Initialization.
[[0;32m  OK  [0m] Started Message of the Day.
[[0;32m  OK  [0m] Started Discard unused blocks once a week.
[[0;32m  OK  [0m] Listening on cloud-init hotplug hook socket.
         Starting Socket activation for snappy daemon.
[[0;32m  OK  [0m] Started ACPI Events Check.
[[0;32m  OK  [0m] Listening on Open-iSCSI iscsid Socket.
[[0;32m  OK  [0m] Started Ubuntu Advantage Timer for running repeated jobs.
         Starting LXD - unix socket.
[[0;32m  OK  [0m] Listening on UUID daemon activation socket.
[[0;32m  OK  [0m] Listening on D-Bus System Message Bus Socket.
[[0;32m  OK  [0m] Listening on ACPID Listen Socket.
[[0;32m  OK  [0m] Started Daily apt download activities.
[[0;32m  OK  [0m] Started Daily apt upgrade and clean activities.
[[0;32m  OK  [0m] Started Daily Cleanup of Temporary Directories.
[[0;32m  OK  [0m] Reached target Timers.
[[0;32m  OK  [0m] Reached target Paths.
[[0;32m  OK  [0m] Reached target Network is Online.
[[0;32m  OK  [0m] Reached target Remote File Systems (Pre).
[[0;32m  OK  [0m] Reached target Remote File Systems.
         Starting Availability of block devices...
[[0;32m  OK  [0m] Listening on Socket activation for snappy daemon.
[[0;32m  OK  [0m] Listening on LXD - unix socket.
[[0;32m  OK  [0m] Started Availability of block devices.
[[0;32m  OK  [0m] Reached target Sockets.
[[0;32m  OK  [0m] Reached target Basic System.
         Starting Virtualbox guest utils...
         Starting Pollinate to seed the pseudo random number generator...
         Starting Dispatcher daemon for systemd-networkd...
         Starting System Logging Service...
[[0;32m  OK  [0m] Started FUSE filesystem for LXC.
         Starting LSB: automatic crash report generation...
[[0;32m  OK  [0m] Started Deferred execution scheduler.
         Starting LSB: Record successful boot for GRUB...
[[0;32m  OK  [0m] Started D-Bus System Message Bus.
         Starting LXD - container startup/shutdown...
         Starting Accounts Service...
[[0;32m  OK  [0m] Reached target Login Prompts (Pre).
[[0;32m  OK  [0m] Started Regular background program processing daemon.
         Starting Login Service...
         Starting Permit User Sessions...
[[0;32m  OK  [0m] Started irqbalance daemon.
         Starting Snap Daemon...
[[0;32m  OK  [0m] Started System Logging Service.
[[0;32m  OK  [0m] Started Permit User Sessions.
[[0;32m  OK  [0m] Started Login Service.
[[0;32m  OK  [0m] Started Unattended Upgrades Shutdown.
         Starting Authorization Manager...
         Starting Terminate Plymouth Boot Screen...
         Starting Hold until boot process finishes up...
[[0;32m  OK  [0m] Started Hold until boot process finishes up.
[[0;32m  OK  [0m] Started Terminate Plymouth Boot Screen.
         Starting Set console scheme...
[[0;32m  OK  [0m] Started Serial Getty on ttyS0.
[[0;32m  OK  [0m] Started Set console scheme.
[[0;32m  OK  [0m] Created slice system-getty.slice.
[[0;32m  OK  [0m] Started Getty on tty1.
[[0;32m  OK  [0m] Reached target Login Prompts.
[[0;32m  OK  [0m] Started LSB: automatic crash report generation.
[[0;32m  OK  [0m] Started LSB: Record successful boot for GRUB.
[[0;32m  OK  [0m] Started Authorization Manager.
[[0;32m  OK  [0m] Started Accounts Service.
[[0;32m  OK  [0m] Started LXD - container startup/shutdown.
[[0;32m  OK  [0m] Started Virtualbox guest utils.
[[0;32m  OK  [0m] Started Dispatcher daemon for systemd-networkd.
[[0;32m  OK  [0m] Started Snap Daemon.
         Starting Wait until snapd is fully seeded...
         Starting Time & Date Service...
[[0;32m  OK  [0m] Started Time & Date Service.
[[0;32m  OK  [0m] Started Pollinate to seed the pseudo random number generator.
         Starting OpenBSD Secure Shell server...
[[0;32m  OK  [0m] Started OpenBSD Secure Shell server.
[[0;32m  OK  [0m] Created slice User Slice of vagrant.
         Starting User Manager for UID 1000...
[[0;32m  OK  [0m] Started Session 1 of user vagrant.
[[0;32m  OK  [0m] Started User Manager for UID 1000.

Ubuntu 18.04.6 LTS ubuntu-bionic ttyS0

ubuntu-bionic login: [   41.293152] cloud-init[1689]: Cloud-init v. 22.3.4-0ubuntu1~18.04.1 running 'modules:config' at Wed, 23 Nov 2022 03:21:08 +0000. Up 40.34 seconds.
ci-info: no authorized SSH keys fingerprints found for user ubuntu.
<14>Nov 23 03:21:11 cloud-init: #############################################################
<14>Nov 23 03:21:11 cloud-init: -----BEGIN SSH HOST KEY FINGERPRINTS-----
<14>Nov 23 03:21:11 cloud-init: 1024 SHA256:+17yubU8XlY91msjK9tggu9BZ71XK/Ejgkj85L/g7O0 root@ubuntu-bionic (DSA)
<14>Nov 23 03:21:11 cloud-init: 256 SHA256:IsSvGV/Sx7+o/3T8WS3kyxlNNhQrWpTzWlWbwnAbxco root@ubuntu-bionic (ECDSA)
<14>Nov 23 03:21:11 cloud-init: 256 SHA256:i4gS/kuv7vXbFjRV1cvVvo5H46XUWS+RY4h/JR5AANw root@ubuntu-bionic (ED25519)
<14>Nov 23 03:21:11 cloud-init: 2048 SHA256:Z4/SL0NNxO2McdwEApJSOQT2000Khv2qSKd4XSH3iEo root@ubuntu-bionic (RSA)
<14>Nov 23 03:21:11 cloud-init: -----END SSH HOST KEY FINGERPRINTS-----
<14>Nov 23 03:21:11 cloud-init: #############################################################
-----BEGIN SSH HOST KEY KEYS-----
ecdsa-sha2-nistp256 AAAAE2VjZHNhLXNoYTItbmlzdHAyNTYAAAAIbmlzdHAyNTYAAABBBKC4e7ynvRa5LxKdW52NZN21VgwZY8krhY5T+RKFPQvHBqZ46JOzcv/oi59GMp/TvndyomDrKNAbPf9z4NVOrYA= root@ubuntu-bionic
ssh-ed25519 AAAAC3NzaC1lZDI1NTE5AAAAIG14a2Tgd6oGTD/wt6x1rfhZep5Fk2Bo268hpY3EFSKT root@ubuntu-bionic
ssh-rsa AAAAB3NzaC1yc2EAAAADAQABAAABAQDMxRARZ/lMcXzbqWg/mzMri0+M2wRHsMz3GkLVUtOeTRHfCz75XS89xLqbiNcEcXlLUVYoTyAa16rssctkI7VvzSve2Md2T1CgziB7Vg1IEql5Hwl3GJwmtULnhDkRIN2H0R42n6w1oKkWn3NCPuSGgoWbPhe5um9KFomfY4ULnTCswucVX1lz+2mNZNuQYJfahFPthh8P3lHzaSeKFmCOEM2cVZknNpakcNyHj/xm84G9iNH8mqIX+VfplinzRMAm64ufkkYc1If60nF5aIWmfJikmc34eAHomlQHb2WOjOAgZh93+bezPsa0ILBikxaETIpNBwaXzSL2A6r8FNt1 root@ubuntu-bionic
-----END SSH HOST KEY KEYS-----
[   43.267106] cloud-init[1811]: Cloud-init v. 22.3.4-0ubuntu1~18.04.1 running 'modules:final' at Wed, 23 Nov 2022 03:21:11 +0000. Up 42.75 seconds.
[   43.267399] cloud-init[1811]: Cloud-init v. 22.3.4-0ubuntu1~18.04.1 finished at Wed, 23 Nov 2022 03:21:11 +0000. Datasource DataSourceNoCloud [seed=/dev/sdb][dsmode=net].  Up 43.24 seconds
