[    0.000000] Linux version 4.15.0-197-generic (buildd@lcy02-amd64-110) (gcc version 7.5.0 (Ubuntu 7.5.0-3ubuntu1~18.04)) #208-Ubuntu SMP Tue Nov 1 17:23:37 UTC 2022 (Ubuntu 4.15.0-197.208-generic 4.15.18)
[    0.000000] Command line: BOOT_IMAGE=/boot/vmlinuz-4.15.0-197-generic root=LABEL=cloudimg-rootfs ro console=tty1 console=ttyS0
[    0.000000] KERNEL supported cpus:
[    0.000000]   Intel GenuineIntel
[    0.000000]   AMD AuthenticAMD
[    0.000000]   Centaur CentaurHauls
[    0.000000] x86/fpu: Supporting XSAVE feature 0x001: 'x87 floating point registers'
[    0.000000] x86/fpu: Supporting XSAVE feature 0x002: 'SSE registers'
[    0.000000] x86/fpu: Supporting XSAVE feature 0x004: 'AVX registers'
[    0.000000] x86/fpu: xstate_offset[2]:  576, xstate_sizes[2]:  256
[    0.000000] x86/fpu: Enabled xstate features 0x7, context size is 832 bytes, using 'standard' format.
[    0.000000] e820: BIOS-provided physical RAM map:
[    0.000000] BIOS-e820: [mem 0x0000000000000000-0x000000000009fbff] usable
[    0.000000] BIOS-e820: [mem 0x000000000009fc00-0x000000000009ffff] reserved
[    0.000000] BIOS-e820: [mem 0x00000000000f0000-0x00000000000fffff] reserved
[    0.000000] BIOS-e820: [mem 0x0000000000100000-0x000000003ffeffff] usable
[    0.000000] BIOS-e820: [mem 0x000000003fff0000-0x000000003fffffff] ACPI data
[    0.000000] BIOS-e820: [mem 0x00000000fec00000-0x00000000fec00fff] reserved
[    0.000000] BIOS-e820: [mem 0x00000000fee00000-0x00000000fee00fff] reserved
[    0.000000] BIOS-e820: [mem 0x00000000fffc0000-0x00000000ffffffff] reserved
[    0.000000] NX (Execute Disable) protection: active
[    0.000000] SMBIOS 2.5 present.
[    0.000000] DMI: innotek GmbH VirtualBox/VirtualBox, BIOS VirtualBox 12/01/2006
[    0.000000] Hypervisor detected: KVM
[    0.000000] e820: last_pfn = 0x3fff0 max_arch_pfn = 0x400000000
[    0.000000] MTRR: Disabled
[    0.000000] x86/PAT: MTRRs disabled, skipping PAT initialization too.
[    0.000000] CPU MTRRs all blank - virtualized system.
[    0.000000] x86/PAT: Configuration [0-7]: WB  WT  UC- UC  WB  WT  UC- UC  
[    0.000000] found SMP MP-table at [mem 0x0009fff0-0x0009ffff]
[    0.000000] Scanning 1 areas for low memory corruption
[    0.000000] RAMDISK: [mem 0x359cd000-0x36cddfff]
[    0.000000] ACPI: Early table checksum verification disabled
[    0.000000] ACPI: RSDP 0x00000000000E0000 000024 (v02 VBOX  )
[    0.000000] ACPI: XSDT 0x000000003FFF0030 00003C (v01 VBOX   VBOXXSDT 00000001 ASL  00000061)
[    0.000000] ACPI: FACP 0x000000003FFF00F0 0000F4 (v04 VBOX   VBOXFACP 00000001 ASL  00000061)
[    0.000000] ACPI: DSDT 0x000000003FFF0610 002353 (v02 VBOX   VBOXBIOS 00000002 INTL 20100528)
[    0.000000] ACPI: FACS 0x000000003FFF0200 000040
[    0.000000] ACPI: FACS 0x000000003FFF0200 000040
[    0.000000] ACPI: APIC 0x000000003FFF0240 00005C (v02 VBOX   VBOXAPIC 00000001 ASL  00000061)
[    0.000000] ACPI: SSDT 0x000000003FFF02A0 00036C (v01 VBOX   VBOXCPUT 00000002 INTL 20100528)
[    0.000000] ACPI: Reserving FACP table memory at [mem 0x3fff00f0-0x3fff01e3]
[    0.000000] ACPI: Reserving DSDT table memory at [mem 0x3fff0610-0x3fff2962]
[    0.000000] ACPI: Reserving FACS table memory at [mem 0x3fff0200-0x3fff023f]
[    0.000000] ACPI: Reserving FACS table memory at [mem 0x3fff0200-0x3fff023f]
[    0.000000] ACPI: Reserving APIC table memory at [mem 0x3fff0240-0x3fff029b]
[    0.000000] ACPI: Reserving SSDT table memory at [mem 0x3fff02a0-0x3fff060b]
[    0.000000] No NUMA configuration found
[    0.000000] Faking a node at [mem 0x0000000000000000-0x000000003ffeffff]
[    0.000000] NODE_DATA(0) allocated [mem 0x3ffc5000-0x3ffeffff]
[    0.000000] kvm-clock: cpu 0, msr 0:3ff44001, primary cpu clock
[    0.000000] kvm-clock: Using msrs 4b564d01 and 4b564d00
[    0.000000] kvm-clock: using sched offset of 3341977935 cycles
[    0.000000] clocksource: kvm-clock: mask: 0xffffffffffffffff max_cycles: 0x1cd42e4dffb, max_idle_ns: 881590591483 ns
[    0.000000] Zone ranges:
[    0.000000]   DMA      [mem 0x0000000000001000-0x0000000000ffffff]
[    0.000000]   DMA32    [mem 0x0000000001000000-0x000000003ffeffff]
[    0.000000]   Normal   empty
[    0.000000]   Device   empty
[    0.000000] Movable zone start for each node
[    0.000000] Early memory node ranges
[    0.000000]   node   0: [mem 0x0000000000001000-0x000000000009efff]
[    0.000000]   node   0: [mem 0x0000000000100000-0x000000003ffeffff]
[    0.000000] Reserved but unavailable: 104 pages
[    0.000000] Initmem setup node 0 [mem 0x0000000000001000-0x000000003ffeffff]
[    0.000000] ACPI: PM-Timer IO Port: 0x4008
[    0.000000] IOAPIC[0]: apic_id 2, version 32, address 0xfec00000, GSI 0-23
[    0.000000] ACPI: INT_SRC_OVR (bus 0 bus_irq 0 global_irq 2 dfl dfl)
[    0.000000] ACPI: INT_SRC_OVR (bus 0 bus_irq 9 global_irq 9 low level)
[    0.000000] Using ACPI (MADT) for SMP configuration information
[    0.000000] smpboot: Allowing 2 CPUs, 0 hotplug CPUs
[    0.000000] PM: Registered nosave memory: [mem 0x00000000-0x00000fff]
[    0.000000] PM: Registered nosave memory: [mem 0x0009f000-0x0009ffff]
[    0.000000] PM: Registered nosave memory: [mem 0x000a0000-0x000effff]
[    0.000000] PM: Registered nosave memory: [mem 0x000f0000-0x000fffff]
[    0.000000] e820: [mem 0x40000000-0xfebfffff] available for PCI devices
[    0.000000] Booting paravirtualized kernel on KVM
[    0.000000] clocksource: refined-jiffies: mask: 0xffffffff max_cycles: 0xffffffff, max_idle_ns: 7645519600211568 ns
[    0.000000] setup_percpu: NR_CPUS:8192 nr_cpumask_bits:2 nr_cpu_ids:2 nr_node_ids:1
[    0.000000] percpu: Embedded 50 pages/cpu s167936 r8192 d28672 u1048576
[    0.000000] PV qspinlock hash table entries: 256 (order: 0, 4096 bytes)
[    0.000000] Built 1 zonelists, mobility grouping on.  Total pages: 257913
[    0.000000] Policy zone: DMA32
[    0.000000] Kernel command line: BOOT_IMAGE=/boot/vmlinuz-4.15.0-197-generic root=LABEL=cloudimg-rootfs ro console=tty1 console=ttyS0
[    0.000000] Memory: 982656K/1048120K available (12300K kernel code, 2477K rwdata, 4320K rodata, 2472K init, 2720K bss, 65464K reserved, 0K cma-reserved)
[    0.000000] SLUB: HWalign=64, Order=0-3, MinObjects=0, CPUs=2, Nodes=1
[    0.000000] ftrace: allocating 39478 entries in 155 pages
[    0.004000] Hierarchical RCU implementation.
[    0.004000] 	RCU restricting CPUs from NR_CPUS=8192 to nr_cpu_ids=2.
[    0.004000] 	Tasks RCU enabled.
[    0.004000] RCU: Adjusting geometry for rcu_fanout_leaf=16, nr_cpu_ids=2
[    0.004000] NR_IRQS: 524544, nr_irqs: 440, preallocated irqs: 16
[    0.004000] random: crng init done
[    0.004000] Console: colour VGA+ 80x25
[    0.004000] console [tty1] enabled
[    0.004000] console [ttyS0] enabled
[    0.004000] ACPI: Core revision 20170831
[    0.004000] ACPI: 2 ACPI AML tables successfully acquired and loaded
[    0.004000] APIC: Switch to symmetric I/O mode setup
[    0.004000] x2apic enabled
[    0.004000] Switched APIC routing to physical x2apic.
[    0.006156] ..TIMER: vector=0x30 apic1=0 pin1=2 apic2=-1 pin2=-1
[    0.008004] tsc: Detected 1190.390 MHz processor
[    0.009463] Calibrating delay loop (skipped) preset value.. 2380.78 BogoMIPS (lpj=4761560)
[    0.012005] pid_max: default: 32768 minimum: 301
[    0.013914] Security Framework initialized
[    0.016005] Yama: becoming mindful.
[    0.017237] AppArmor: AppArmor initialized
[    0.020010] Dentry cache hash table entries: 131072 (order: 8, 1048576 bytes)
[    0.021122] Inode-cache hash table entries: 65536 (order: 7, 524288 bytes)
[    0.024021] Mount-cache hash table entries: 2048 (order: 2, 16384 bytes)
[    0.025764] Mountpoint-cache hash table entries: 2048 (order: 2, 16384 bytes)
[    0.028324] Last level iTLB entries: 4KB 0, 2MB 0, 4MB 0
[    0.029374] Last level dTLB entries: 4KB 0, 2MB 0, 4MB 0, 1GB 0
[    0.030553] Spectre V1 : Mitigation: usercopy/swapgs barriers and __user pointer sanitization
[    0.032003] Spectre V2 : Mitigation: Retpolines
[    0.032730] Spectre V2 : Spectre v2 / SpectreRSB mitigation: Filling RSB on context switch
[    0.033955] Speculative Store Bypass: Vulnerable
[    0.034753] MMIO Stale Data: Vulnerable: Clear CPU buffers attempted, no microcode
[    0.036004] SRBDS: Unknown: Dependent on hypervisor status
[    0.037100] Freeing SMP alternatives memory: 36K
[    0.148381] smpboot: CPU0: Intel(R) Core(TM) i5-1035G1 CPU @ 1.00GHz (family: 0x6, model: 0x7e, stepping: 0x5)
[    0.152183] Performance Events: unsupported p6 CPU model 126 no PMU driver, software events only.
[    0.155111] Hierarchical SRCU implementation.
[    0.156819] NMI watchdog: Perf event create on CPU 0 failed with -2
[    0.157758] NMI watchdog: Perf NMI watchdog permanently disabled
[    0.158963] smp: Bringing up secondary CPUs ...
[    0.160127] x86: Booting SMP configuration:
[    0.161054] .... node  #0, CPUs:      #1
[    0.004000] kvm-clock: cpu 1, msr 0:3ff44041, secondary cpu clock
[    0.168014] smp: Brought up 1 node, 2 CPUs
[    0.168672] smpboot: Max logical packages: 1
[    0.169361] smpboot: Total of 2 processors activated (4761.56 BogoMIPS)
[    0.170394] devtmpfs: initialized
[    0.172155] x86/mm: Memory block size: 128MB
[    0.173978] evm: security.selinux
[    0.176006] evm: security.SMACK64
[    0.177666] evm: security.SMACK64EXEC
[    0.178968] evm: security.SMACK64TRANSMUTE
[    0.180010] evm: security.SMACK64MMAP
[    0.181321] evm: security.apparmor
[    0.182528] evm: security.ima
[    0.183017] evm: security.capability
[    0.184161] clocksource: jiffies: mask: 0xffffffff max_cycles: 0xffffffff, max_idle_ns: 7645041785100000 ns
[    0.186612] futex hash table entries: 512 (order: 3, 32768 bytes)
[    0.188058] pinctrl core: initialized pinctrl subsystem
[    0.192079] RTC time:  3:18:13, date: 11/29/22
[    0.192866] NET: Registered protocol family 16
[    0.193562] audit: initializing netlink subsys (disabled)
[    0.196032] audit: type=2000 audit(1669691898.675:1): state=initialized audit_enabled=0 res=1
[    0.197259] cpuidle: using governor ladder
[    0.197259] cpuidle: using governor menu
[    0.197344] ACPI: bus type PCI registered
[    0.197934] acpiphp: ACPI Hot Plug PCI Controller Driver version: 0.5
[    0.200103] PCI: Using configuration type 1 for base access
[    0.201030] HugeTLB registered 2.00 MiB page size, pre-allocated 0 pages
[    0.204066] ACPI: Added _OSI(Module Device)
[    0.204668] ACPI: Added _OSI(Processor Device)
[    0.205289] ACPI: Added _OSI(3.0 _SCP Extensions)
[    0.205948] ACPI: Added _OSI(Processor Aggregator Device)
[    0.206690] ACPI: Added _OSI(Linux-Dell-Video)
[    0.207315] ACPI: Added _OSI(Linux-Lenovo-NV-HDMI-Audio)
[    0.208003] ACPI: Added _OSI(Linux-HPI-Hybrid-Graphics)
[    0.208963] ACPI: Executed 1 blocks of module-level executable AML code
[    0.212726] ACPI: Interpreter enabled
[    0.213395] ACPI: (supports S0 S5)
[    0.214097] ACPI: Using IOAPIC for interrupt routing
[    0.215364] PCI: Using host bridge windows from ACPI; if necessary, use "pci=nocrs" and report a bug
[    0.216330] ACPI: Enabled 2 GPEs in block 00 to 07
[    0.234336] ACPI: PCI Root Bridge [PCI0] (domain 0000 [bus 00-ff])
[    0.235733] acpi PNP0A03:00: _OSC: OS supports [ASPM ClockPM Segments MSI]
[    0.236861] acpi PNP0A03:00: _OSC: not requesting OS control; OS requires [ExtendedConfig ASPM ClockPM MSI]
[    0.239056] acpi PNP0A03:00: fail to add MMCONFIG information, can't access extended PCI configuration space under this bridge.
[    0.240574] PCI host bridge to bus 0000:00
[    0.244011] pci_bus 0000:00: root bus resource [io  0x0000-0x0cf7 window]
[    0.245481] pci_bus 0000:00: root bus resource [io  0x0d00-0xffff window]
[    0.246877] pci_bus 0000:00: root bus resource [mem 0x000a0000-0x000bffff window]
[    0.248016] pci_bus 0000:00: root bus resource [mem 0x40000000-0xfdffffff window]
[    0.250557] pci_bus 0000:00: root bus resource [bus 00-ff]
[    0.256054] pci 0000:00:01.1: legacy IDE quirk: reg 0x10: [io  0x01f0-0x01f7]
[    0.257826] pci 0000:00:01.1: legacy IDE quirk: reg 0x14: [io  0x03f6]
[    0.259198] pci 0000:00:01.1: legacy IDE quirk: reg 0x18: [io  0x0170-0x0177]
[    0.260012] pci 0000:00:01.1: legacy IDE quirk: reg 0x1c: [io  0x0376]
[    0.293450] pci 0000:00:07.0: quirk: [io  0x4000-0x403f] claimed by PIIX4 ACPI
[    0.295428] pci 0000:00:07.0: quirk: [io  0x4100-0x410f] claimed by PIIX4 SMB
[    0.305540] ACPI: PCI Interrupt Link [LNKA] (IRQs 5 9 10 *11)
[    0.306876] ACPI: PCI Interrupt Link [LNKB] (IRQs 5 9 *10 11)
[    0.307905] ACPI: PCI Interrupt Link [LNKC] (IRQs 5 *9 10 11)
[    0.308180] ACPI: PCI Interrupt Link [LNKD] (IRQs 5 9 10 *11)
[    0.309496] SCSI subsystem initialized
[    0.310129] pci 0000:00:02.0: vgaarb: setting as boot VGA device
[    0.310129] pci 0000:00:02.0: vgaarb: VGA device added: decodes=io+mem,owns=io+mem,locks=none
[    0.312030] pci 0000:00:02.0: vgaarb: bridge control possible
[    0.313204] vgaarb: loaded
[    0.314119] ACPI: bus type USB registered
[    0.316054] usbcore: registered new interface driver usbfs
[    0.317262] usbcore: registered new interface driver hub
[    0.318748] usbcore: registered new device driver usb
[    0.320121] EDAC MC: Ver: 3.0.0
[    0.321128] PCI: Using ACPI for IRQ routing
[    0.321245] NetLabel: Initializing
[    0.324018] NetLabel:  domain hash size = 128
[    0.324934] NetLabel:  protocols = UNLABELED CIPSOv4 CALIPSO
[    0.325940] NetLabel:  unlabeled traffic allowed by default
[    0.327171] clocksource: Switched to clocksource kvm-clock
[    0.346131] VFS: Disk quotas dquot_6.6.0
[    0.346835] VFS: Dquot-cache hash table entries: 512 (order 0, 4096 bytes)
[    0.347914] AppArmor: AppArmor Filesystem Enabled
[    0.348635] pnp: PnP ACPI init
[    0.349902] pnp: PnP ACPI: found 3 devices
[    0.359539] clocksource: acpi_pm: mask: 0xffffff max_cycles: 0xffffff, max_idle_ns: 2085701024 ns
[    0.361766] NET: Registered protocol family 2
[    0.362720] IP idents hash table entries: 16384 (order: 5, 131072 bytes)
[    0.368280] TCP established hash table entries: 8192 (order: 4, 65536 bytes)
[    0.370801] TCP bind hash table entries: 8192 (order: 5, 131072 bytes)
[    0.373162] TCP: Hash tables configured (established 8192 bind 8192)
[    0.374917] UDP hash table entries: 512 (order: 2, 16384 bytes)
[    0.376305] UDP-Lite hash table entries: 512 (order: 2, 16384 bytes)
[    0.377865] NET: Registered protocol family 1
[    0.379806] pci 0000:00:00.0: Limiting direct PCI/PCI transfers
[    0.382350] pci 0000:00:01.0: Activating ISA DMA hang workarounds
[    0.383215] pci 0000:00:02.0: Video device with shadowed ROM at [mem 0x000c0000-0x000dffff]
[    0.384822] Unpacking initramfs...
[    0.732621] Freeing initrd memory: 19524K
[    0.733361] clocksource: tsc: mask: 0xffffffffffffffff max_cycles: 0x1128a573bb3, max_idle_ns: 440795203392 ns
[    0.734823] platform rtc_cmos: registered platform RTC device (no PNP device found)
[    0.735910] Scanning for low memory corruption every 60 seconds
[    0.737259] Initialise system trusted keyrings
[    0.737999] Key type blacklist registered
[    0.738639] workingset: timestamp_bits=36 max_order=18 bucket_order=0
[    0.740230] zbud: loaded
[    0.741162] squashfs: version 4.0 (2009/01/31) Phillip Lougher
[    0.742114] fuse init (API version 7.26)
[    0.744501] Key type asymmetric registered
[    0.745132] Asymmetric key parser 'x509' registered
[    0.745832] Block layer SCSI generic (bsg) driver version 0.4 loaded (major 246)
[    0.746971] io scheduler noop registered
[    0.747555] io scheduler deadline registered
[    0.748399] io scheduler cfq registered (default)
[    0.749334] ACPI: AC Adapter [AC] (on-line)
[    0.749996] input: Power Button as /devices/LNXSYSTM:00/LNXPWRBN:00/input/input0
[    0.751031] ACPI: Power Button [PWRF]
[    0.751639] input: Sleep Button as /devices/LNXSYSTM:00/LNXSLPBN:00/input/input1
[    0.752769] ACPI: Sleep Button [SLPF]
[    0.753630] Serial: 8250/16550 driver, 32 ports, IRQ sharing enabled
[    0.754405] ACPI: Battery Slot [BAT0] (battery present)
[    0.776210] 00:02: ttyS0 at I/O 0x3f8 (irq = 4, base_baud = 115200) is a 16550A
[    0.778816] Linux agpgart interface v0.103
[    0.784036] loop: module loaded
[    0.785045] scsi host0: ata_piix
[    0.785679] scsi host1: ata_piix
[    0.786198] ata1: PATA max UDMA/33 cmd 0x1f0 ctl 0x3f6 bmdma 0xd000 irq 14
[    0.787134] ata2: PATA max UDMA/33 cmd 0x170 ctl 0x376 bmdma 0xd008 irq 15
[    0.788523] tun: Universal TUN/TAP device driver, 1.6
[    0.789292] PPP generic driver version 2.4.2
[    0.789930] ehci_hcd: USB 2.0 'Enhanced' Host Controller (EHCI) Driver
[    0.790810] ehci-pci: EHCI PCI platform driver
[    0.791439] ehci-platform: EHCI generic platform driver
[    0.792212] ohci_hcd: USB 1.1 'Open' Host Controller (OHCI) Driver
[    0.793058] ohci-pci: OHCI PCI platform driver
[    0.793691] ohci-platform: OHCI generic platform driver
[    0.794412] uhci_hcd: USB Universal Host Controller Interface driver
[    0.795313] i8042: PNP: PS/2 Controller [PNP0303:PS2K,PNP0f03:PS2M] at 0x60,0x64 irq 1,12
[    0.796944] serio: i8042 KBD port at 0x60,0x64 irq 1
[    0.797777] serio: i8042 AUX port at 0x60,0x64 irq 12
[    0.798632] mousedev: PS/2 mouse device common for all mice
[    0.799715] input: AT Translated Set 2 keyboard as /devices/platform/i8042/serio0/input/input2
[    0.801293] rtc_cmos rtc_cmos: rtc core: registered rtc_cmos as rtc0
[    0.802233] rtc_cmos rtc_cmos: alarms up to one day, 114 bytes nvram
[    0.803121] i2c /dev entries driver
[    0.803668] device-mapper: uevent: version 1.0.3
[    0.804431] device-mapper: ioctl: 4.37.0-ioctl (2017-09-20) initialised: dm-devel@redhat.com
[    0.805657] ledtrig-cpu: registered to indicate activity on CPUs
[    0.806839] NET: Registered protocol family 10
[    0.809999] Segment Routing with IPv6
[    0.810586] NET: Registered protocol family 17
[    0.811262] Key type dns_resolver registered
[    0.812081] mce: Using 0 MCE banks
[    0.812641] RAS: Correctable Errors collector initialized.
[    0.813410] sched_clock: Marking stable (812059483, 0)->(954893532, -142834049)
[    0.815061] registered taskstats version 1
[    0.815706] Loading compiled-in X.509 certificates
[    0.818322] Loaded X.509 cert 'Build time autogenerated kernel key: ffc9dd3886e7b6bb89620497cc57c4262b59bc54'
[    0.820238] Loaded X.509 cert 'Canonical Ltd. Live Patch Signing: 14df34d1a87cf37625abec039ef2bf521249b969'
[    0.822108] Loaded X.509 cert 'Canonical Ltd. Kernel Module Signing: 88f752e560a1e0737e31163a466ad7b70a850c19'
[    0.823518] blacklist: Loading compiled-in revocation X.509 certificates
[    0.824522] Loaded X.509 cert 'Canonical Ltd. Secure Boot Signing: 61482aa2830d0ab2ad5af10b7250da9033ddcef0'
[    0.825901] zswap: loaded using pool lzo/zbud
[    0.830523] Key type big_key registered
[    0.832311] Key type trusted registered
[    0.836902] Key type encrypted registered
[    0.838336] AppArmor: AppArmor sha1 policy hashing enabled
[    0.840124] ima: No TPM chip found, activating TPM-bypass! (rc=-19)
[    0.842262] ima: Allocated hash algorithm: sha1
[    0.843764] evm: HMAC attrs: 0x1
[    0.845257]   Magic number: 14:796:311
[    0.846607] rtc_cmos rtc_cmos: setting system clock to 2022-11-29 03:18:14 UTC (1669691894)
[    0.849931] BIOS EDD facility v0.16 2004-Jun-25, 0 devices found
[    0.851438] EDD information not available.
[    0.976123] Freeing unused kernel image memory: 2472K
[    1.160077] Write protecting the kernel read-only data: 20480k
[    1.164164] Freeing unused kernel image memory: 2008K
[    1.167277] Freeing unused kernel image memory: 1824K
[    1.180397] x86/mm: Checked W+X mappings: passed, no W+X pages found.
Loading, please wait...
starting version 237
[    1.267874] e1000: Intel(R) PRO/1000 Network Driver - version 7.3.21-k8-NAPI
[    1.269805] e1000: Copyright (c) 1999-2006 Intel Corporation.
[    1.273925] Fusion MPT base driver 3.04.20
[    1.274822] Copyright (c) 1999-2008 LSI Corporation
[    1.282443] Fusion MPT SPI Host driver 3.04.20
[    1.291710] AVX2 version of gcm_enc/dec engaged.
[    1.293085] AES CTR mode by8 optimization enabled
[    1.313070] mptbase: ioc0: Initiating bringup
[    1.420427] ioc0: LSI53C1030 A0: Capabilities={Initiator}
[    1.481195] input: ImExPS/2 Generic Explorer Mouse as /devices/platform/i8042/serio1/input/input4
[    1.666730] scsi host2: ioc0: LSI53C1030 A0, FwRev=00000000h, Ports=1, MaxQ=256, IRQ=20
[    1.853819] scsi 2:0:0:0: Direct-Access     VBOX     HARDDISK         1.0  PQ: 0 ANSI: 5
[    1.888367] scsi target2:0:0: Beginning Domain Validation
[    1.894480] scsi target2:0:0: Domain Validation skipping write tests
[    1.896080] scsi target2:0:0: Ending Domain Validation
[    1.909894] scsi target2:0:0: asynchronous
[    1.928407] scsi 2:0:1:0: Direct-Access     VBOX     HARDDISK         1.0  PQ: 0 ANSI: 5
[    2.172154] scsi target2:0:1: Beginning Domain Validation
[    2.178423] scsi target2:0:1: Domain Validation skipping write tests
[    2.181352] scsi target2:0:1: Ending Domain Validation
[    2.183775] scsi target2:0:1: asynchronous
[    2.192703] sd 2:0:0:0: [sda] 83886080 512-byte logical blocks: (42.9 GB/40.0 GiB)
[    2.195188] sd 2:0:0:0: [sda] Write Protect is off
[    2.197220] sd 2:0:0:0: [sda] Incomplete mode parameter data
[    2.199065] sd 2:0:0:0: [sda] Assuming drive cache: write through
[    2.200500] sd 2:0:0:0: Attached scsi generic sg0 type 0
[    2.202929] sd 2:0:1:0: [sdb] 20480 512-byte logical blocks: (10.5 MB/10.0 MiB)
[    2.204751] sd 2:0:1:0: [sdb] Write Protect is off
[    2.206468] sd 2:0:1:0: [sdb] Incomplete mode parameter data
[    2.207399] sd 2:0:1:0: [sdb] Assuming drive cache: write through
[    2.208495] sd 2:0:1:0: Attached scsi generic sg1 type 0
[    2.210541]  sda: sda1
[    2.212810] sd 2:0:0:0: [sda] Attached SCSI disk
[    2.215170] sd 2:0:1:0: [sdb] Attached SCSI disk
[    2.308958] e1000 0000:00:03.0 eth0: (PCI:33MHz:32-bit) 02:84:b9:77:b2:67
[    2.311285] e1000 0000:00:03.0 eth0: Intel(R) PRO/1000 Network Connection
[    2.314954] e1000 0000:00:03.0 enp0s3: renamed from eth0
Begin: Loading essential drivers ... [    3.772065] raid6: sse2x1   gen() 13739 MB/s
[    3.820023] raid6: sse2x1   xor()  7255 MB/s
[    3.868023] raid6: sse2x2   gen() 16475 MB/s
[    3.916040] raid6: sse2x2   xor() 11179 MB/s
[    3.964133] raid6: sse2x4   gen()  9792 MB/s
[    4.012239] raid6: sse2x4   xor()  8733 MB/s
[    4.060254] raid6: avx2x1   gen() 20738 MB/s
[    4.108075] raid6: avx2x1   xor()  8945 MB/s
[    4.156436] raid6: avx2x2   gen() 28476 MB/s
[    4.204412] raid6: avx2x2   xor() 20000 MB/s
[    4.252105] raid6: avx2x4   gen() 17490 MB/s
[    4.300031] raid6: avx2x4   xor() 15944 MB/s
[    4.301523] raid6: using algorithm avx2x2 gen() 28476 MB/s
[    4.303020] raid6: .... xor() 20000 MB/s, rmw enabled
[    4.304005] raid6: using avx2x2 recovery algorithm
[    4.306238] xor: automatically using best checksumming function   avx       
[    4.308689] async_tx: api initialized (async)
done.
Begin: Running /scripts/init-premount ... done.
Begin: Mounting root file system ... Begin: Running /scripts/local-top ... done.
Begin: Running /scripts/local-premount ... [    4.349618] Btrfs loaded, crc32c=crc32c-intel
Scanning for Btrfs filesystems
done.
Warning: fsck not present, so skipping root file system
[    4.395094] EXT4-fs (sda1): mounted filesystem with ordered data mode. Opts: (null)
done.
Begin: Running /scripts/local-bottom ... done.
Begin: Running /scripts/init-bottom ... done.
[    4.606221] ip_tables: (C) 2000-2006 Netfilter Core Team
[    4.613314] systemd[1]: systemd 237 running in system mode. (+PAM +AUDIT +SELINUX +IMA +APPARMOR +SMACK +SYSVINIT +UTMP +LIBCRYPTSETUP +GCRYPT +GNUTLS +ACL +XZ +LZ4 +SECCOMP +BLKID +ELFUTILS +KMOD -IDN2 +IDN -PCRE2 default-hierarchy=hybrid)
[    4.616144] systemd[1]: Detected virtualization oracle.
[    4.616910] systemd[1]: Detected architecture x86-64.

Welcome to [1mUbuntu 18.04.6 LTS[0m!

[    4.625232] systemd[1]: Set hostname to <ubuntu>.
[    4.629546] systemd[1]: Initializing machine ID from random generator.
[    4.630864] systemd[1]: Installed transient /etc/machine-id file.
[    4.903490] systemd[1]: Started Forward Password Requests to Wall Directory Watch.
[[0;32m  OK  [0m] Started Forward Password Requests to Wall Directory Watch.
[    4.907531] systemd[1]: Reached target System Time Synchronized.
[[0;32m  OK  [0m] Reached target System Time Synchronized.
[    4.910785] systemd[1]: Created slice User and Session Slice.
[[0;32m  OK  [0m] Created slice User and Session Slice.
[    4.913363] systemd[1]: Reached target User and Group Name Lookups.
[[0;32m  OK  [0m] Reached target User and Group Name Lookups.
[[0;32m  OK  [0m] Created slice System Slice.
[[0;32m  OK  [0m] Listening on Network Service Netlink Socket.
[[0;32m  OK  [0m] Listening on Journal Socket.
         Starting Set the console keyboard layout...
         Starting Uncomplicated firewall...
[[0;32m  OK  [0m] Listening on LVM2 poll daemon socket.
[[0;32m  OK  [0m] Listening on fsck to fsckd communication Socket.
         Starting Load Kernel Modules...
[[0;32m  OK  [0m] Created slice system-serial\x2dgetty.slice.
[[0;32m  OK  [0m] Listening on Syslog Socket.
         Starting Create list of required stâ€¦ce nodes for the current kernel...
[[0;32m  OK  [0m] Listening on udev Control Socket.
[[0;32m  OK  [0m] Reached target Slices.
[[0;32m  OK  [0m] Listening on /dev/initctl Compatibility Named Pipe.
[[0;32m  OK  [0m] Listening on Journal Socket (/dev/log).
         Mounting Huge Pages File System...
[[0;32m  OK  [0m] Listening on udev Kernel Socket.
         Starting File System Check on Root Device...
[[0;32m  OK  [0m] Listening on Device-mapper event daemon FIFOs.
[[0;32m  OK  [0m] Reached target Swap.
         Mounting Kernel Debug File System...
[[0;32m  OK  [0m] Listening on LVM2 metadata daemon socket.
         Starting Monitoring of LVM2 mirrorsâ€¦ng dmeventd or progress polling...
         Starting udev Coldplug all Devices...
         Mounting POSIX Message Queue File System...
[[0;32m  OK  [0m] Set up automount Arbitrary Executabâ€¦rmats File System Automount Point.
[[0;32m  OK  [0m] Listening on Journal Audit Socket.
         Starting Journal Service...
[[0;32m  OK  [0m] Started Uncomplicated firewall.
[    5.055946] Loading iSCSI transport class v2.0-870.
[[0;32m  OK  [0m] Started Create list of required staâ€¦vice nodes for the current kernel.
[[0;32m  OK  [0m] Mounted POSIX Message Queue File System.
[[0;32m  OK  [0m] Mounted Kernel Debug File System.
[[0;32m  OK  [0m] Mounted Huge Pages File System.
[[0;32m  OK  [0m] Started File System Check Daemon to report status.
[[0;32m  OK  [0m] Started LVM2 metadata daemon.
         Starting Create Static Device Nodes in /dev...
[    5.100335] iscsi: registered transport (tcp)
[[0;32m  OK  [0m] Started udev Coldplug all Devices.
[[0;32m  OK  [0m] Started Journal Service.
[    5.121904] iscsi: registered transport (iser)
[[0;32m  OK  [0m] Started Load Kernel Modules.
         Mounting FUSE Control File System...
         Mounting Kernel Configuration File System...
         Starting Apply Kernel Variables...
[[0;32m  OK  [0m] Mounted FUSE Control File System.
[[0;32m  OK  [0m] Mounted Kernel Configuration File System.
[[0;32m  OK  [0m] Started File System Check on Root Device.
         Starting Remount Root and Kernel File Systems...
[[0;32m  OK  [0m] Started Monitoring of LVM2 mirrors,â€¦sing dmeventd or progress polling.
[[0;32m  OK  [0m] Started Set the console keyboard layout.
[[0;32m  OK  [0m] Started Apply Kernel Variables.
[[0;32m  OK  [0m] Started Remount Root and Kernel File Systems.
         Starting Flush Journal to Persistent Storage...
         Starting Load/Save Random Seed...
[[0;32m  OK  [0m] Started Create Static Device Nodes in /dev.
         Starting udev Kernel Device Manager...
[[0;32m  OK  [0m] Reached target Local File Systems (Pre).
[[0;32m  OK  [0m] Reached target Local File Systems.
         Starting Commit a transient machine-id on disk...
         Starting Tell Plymouth To Write Out Runtime Data...
         Starting AppArmor initialization...
         Starting Set console font and keymap...
         Starting ebtables ruleset management...
[[0;32m  OK  [0m] Started Load/Save Random Seed.
[[0;32m  OK  [0m] Started udev Kernel Device Manager.
[[0;32m  OK  [0m] Started Dispatch Password Requests to Console Directory Watch.
[[0;32m  OK  [0m] Reached target Local Encrypted Volumes.
[[0;32m  OK  [0m] Started Tell Plymouth To Write Out Runtime Data.
[[0;32m  OK  [0m] Started Set console font and keymap.
[[0;32m  OK  [0m] Started Commit a transient machine-id on disk.
[[0;32m  OK  [0m] Started Flush Journal to Persistent Storage.
         Starting Create Volatile Files and Directories...
[[0;32m  OK  [0m] Started ebtables ruleset management.
[[0;32m  OK  [0m] Started Create Volatile Files and Directories.
         Starting Update UTMP about System Boot/Shutdown...
[[0;32m  OK  [0m] Started Update UTMP about System Boot/Shutdown.
[[0;32m  OK  [0m] Found device /dev/ttyS0.
[[0;32m  OK  [0m] Listening on Load/Save RF Kill Switch Status /dev/rfkill Watch.
         Mounting Arbitrary Executable File Formats File System...
[[0;32m  OK  [0m] Mounted Arbitrary Executable File Formats File System.
[[0;32m  OK  [0m] Started AppArmor initialization.
         Starting Load AppArmor profiles managed internally by snapd...
         Starting Initial cloud-init job (pre-networking)...
[[0;32m  OK  [0m] Started Load AppArmor profiles managed internally by snapd.
[    7.604917] cloud-init[566]: Cloud-init v. 22.3.4-0ubuntu1~18.04.1 running 'init-local' at Tue, 29 Nov 2022 03:18:20 +0000. Up 7.27 seconds.
[[0;32m  OK  [0m] Started Initial cloud-init job (pre-networking).
[[0;32m  OK  [0m] Reached target Network (Pre).
         Starting Network Service...
[[0;32m  OK  [0m] Started Network Service.
         Starting Network Name Resolution...
         Starting Wait for Network to be Configured...
[[0;32m  OK  [0m] Started Network Name Resolution.
[[0;32m  OK  [0m] Reached target Host and Network Name Lookups.
[[0;32m  OK  [0m] Reached target Network.
[[0;32m  OK  [0m] Started Wait for Network to be Configured.
         Starting Initial cloud-init job (metadata service crawler)...
[   10.264797] cloud-init[674]: Cloud-init v. 22.3.4-0ubuntu1~18.04.1 running 'init' at Tue, 29 Nov 2022 03:18:23 +0000. Up 10.14 seconds.
[   10.276425] cloud-init[674]: ci-info: ++++++++++++++++++++++++++++++++++++++Net device info++++++++++++++++++++++++++++++++++++++
[   10.278551] cloud-init[674]: ci-info: +--------+------+----------------------------+---------------+--------+-------------------+
[   10.281535] cloud-init[674]: ci-info: | Device |  Up  |          Address           |      Mask     | Scope  |     Hw-Address    |
[   10.284438] cloud-init[674]: ci-info: +--------+------+----------------------------+---------------+--------+-------------------+
[   10.287331] cloud-init[674]: ci-info: | enp0s3 | True |         10.0.2.15          | 255.255.255.0 | global | 02:84:b9:77:b2:67 |
[   10.290149] cloud-init[674]: ci-info: | enp0s3 | True | fe80::84:b9ff:fe77:b267/64 |       .       |  link  | 02:84:b9:77:b2:67 |
[   10.293079] cloud-init[674]: ci-info: |   lo   | True |         127.0.0.1          |   255.0.0.0   |  host  |         .         |
[   10.295804] cloud-init[674]: ci-info: |   lo   | True |          ::1/128           |       .       |  host  |         .         |
[   10.298547] cloud-init[674]: ci-info: +--------+------+----------------------------+---------------+--------+-------------------+
[   10.301530] cloud-init[674]: ci-info: ++++++++++++++++++++++++++++Route IPv4 info+++++++++++++++++++++++++++++
[   10.304210] cloud-init[674]: ci-info: +-------+-------------+----------+-----------------+-----------+-------+
[   10.306498] cloud-init[674]: ci-info: | Route | Destination | Gateway  |     Genmask     | Interface | Flags |
[   10.308874] cloud-init[674]: ci-info: +-------+-------------+----------+-----------------+-----------+-------+
[   10.321810] cloud-init[674]: ci-info: |   0   |   0.0.0.0   | 10.0.2.2 |     0.0.0.0     |   enp0s3  |   UG  |
[   10.324264] cloud-init[674]: ci-info: |   1   |   10.0.2.0  | 0.0.0.0  |  255.255.255.0  |   enp0s3  |   U   |
[   10.326742] cloud-init[674]: ci-info: |   2   |   10.0.2.2  | 0.0.0.0  | 255.255.255.255 |   enp0s3  |   UH  |
[   10.329093] cloud-init[674]: ci-info: +-------+-------------+----------+-----------------+-----------+-------+
[   10.331464] cloud-init[674]: ci-info: +++++++++++++++++++Route IPv6 info+++++++++++++++++++
[   10.333405] cloud-init[674]: ci-info: +-------+-------------+---------+-----------+-------+
[   10.335405] cloud-init[674]: ci-info: | Route | Destination | Gateway | Interface | Flags |
[   10.338269] cloud-init[674]: ci-info: +-------+-------------+---------+-----------+-------+
[   10.339397] cloud-init[674]: ci-info: |   1   |  fe80::/64  |    ::   |   enp0s3  |   U   |
[   10.341331] cloud-init[674]: ci-info: |   3   |    local    |    ::   |   enp0s3  |   U   |
[   10.342593] cloud-init[674]: ci-info: |   4   |   ff00::/8  |    ::   |   enp0s3  |   U   |
[   10.344348] cloud-init[674]: ci-info: +-------+-------------+---------+-----------+-------+
[   11.088624] cloud-init[674]: Generating public/private rsa key pair.
[   11.101009] cloud-init[674]: Your identification has been saved in /etc/ssh/ssh_host_rsa_key.
[   11.112571] cloud-init[674]: Your public key has been saved in /etc/ssh/ssh_host_rsa_key.pub.
[   11.124247] cloud-init[674]: The key fingerprint is:
[   11.124995] cloud-init[674]: SHA256:4kPkLmrDOHNIBh5lxmQUfy48U7DhnHJbPUBsT7jLj0I root@ubuntu-bionic
[   11.125659] cloud-init[674]: The key's randomart image is:
[   11.126182] cloud-init[674]: +---[RSA 2048]----+
[   11.126737] cloud-init[674]: |  +=.ooo.        |
[   11.127246] cloud-init[674]: |  .=+ =+o.       |
[   11.136932] cloud-init[674]: |  +. Bo++o       |
[   11.137447] cloud-init[674]: |..  +o*. ..      |
[[0;32m  OK  [0m] Started Initial cloud-init job (metadata service crawler).
[[0;32m  OK  [0m] Reached target System Initialization.
[[0;32m  OK  [0m] Started Daily Cleanup of Temporary Directories.
[   11.154688] cloud-init[674]: |o .  *=.S        |
         Starting LXD - unix socket.
[   11.172427] cloud-init[[674]: [0;32m  OK  [0m| +   E++         |] Listening on UUID daemon activation socket.

[[0;32m  OK  [0m] Started Discard unused blocks once a week.
[   11.187402] [[0;32m  OK  [0m] Listening on cloud-init hotplug hook socket.
[[0;32m  OK  [0m] Listening on ACPID Listen Socket.
[[0;32m  OK  [0m] Started Message of the Day.
[[0;32m  OK  [0m] Listening on D-Bus System Message Bus Socket.
cloud-init[674]: |o+  o + o        |
[[0;32m  OK  [0m] Started ACPI Events Check.
[[0;32m  OK  [0m] Reached target Paths.
[   11.192477] cloud-init[674]:          Starting Socket activation for snappy daemon.
[[0;32m  OK  [0m] Listening on Open-iSCSI iscsid Socket.
[[0;32m  OK  [0m] Started Daily apt download activities.
[[0;32m  OK  [0m] Started Daily apt upgrade and clean activities.
[[0;32m  OK  [0m] Started Ubuntu Advantage Timer for running repeated jobs.
[[0;32m  OK  [0m] Reached target Timers.
[[0;32m  OK  [0m] Reached target Network is Online.
|= =. o o .       |
[   11.200348] cloud-init[674]: | =..  .          |
[   11.201804] cloud-init[674]: +----[SHA256]-----+
[   11.203449] cloud-init[674]: Generating public/private dsa key pair.
         Starting Availability of block devices...
[[0;32m  OK  [0m] Reached target Remote File Systems (Pre).
[[0;32m  OK  [0m] Reached target Remote File Systems.
[   11.209878] [[0;32m  OK  [0m] Reached target Cloud-config availability.
cloud-init[674]: Your identification has been saved in /etc/ssh/ssh_host_dsa_key.
[[0;32m  OK  [0m] Listening on LXD - unix socket.
[[0;32m  OK  [0m] Listening on Socket activation for snappy daemon.
[[0;32m  OK  [0m] Started Availability of block devices.
[   11.249172] cloud-init[674]: [[0;32m  OK  [0m] Reached target Sockets.
[[0;32m  OK  [0m] Reached target Basic System.
Your public key has been saved in /etc/ssh/ssh_host_dsa_key.pub.
[[0;32m  OK  [0m] Reached target Login Prompts (Pre).
[   11.264355] cloud-init[674]: The key fingerprint is:
         Starting Pollinate to seed the pseudo random number generator...
[   11.281253] cloud-init[674]: SHA256:kVvVrOTomxd2EjqFNTSYSxpMQzvoX6JRmJ6G+Vgun7M root@ubuntu-bionic
[   11.294779] cloud-init[674]: The key's randomart image is:
         Starting Login Service...
[   11.299587] cloud-init[674]: +---[DSA 1024]----+
[   11.300327] cloud-init[674]: |       ++  ++o   |
         Starting LXD - container startup/shutdown...
[   11.301682] cloud-init[674]: |       +o++.+.o  |
         Starting Virtualbox guest utils...
[   11.329333] cloud-init[674]: |      + *+.B o   |
         Starting Permit User Sessions...
[   11.331439] cloud-init[674]: |     = o.=+ =    |
[[0;32m  OK  [0m] Started Deferred execution scheduler.
[   11.334027] cloud-init[674]: |    o B S..o .   |
[   11.348273] cloud-init[674]: |     * + o+ + .  |
[   11.348855] cloud-init[674]: |    o + .  = +   |
[   11.349322] cloud-init[674]: |     o..  o .    |
[   11.349787] cloud-init[674]: |      Eo   .     |
[   11.350213] cloud-init[674]: +----[SHA256]-----+
[   11.350634] cloud-init[674]: Generating public/private ecdsa key pair.
[   11.351228] cloud-init[674]: Your identification has been saved in /etc/ssh/ssh_host_ecdsa_key.
[   11.364392] cloud-init[674]: Your public key has been saved in /etc/ssh/ssh_host_ecdsa_key.pub.
[   11.367286] cloud-init[674]: The key fingerprint is:
[   11.374681] cloud-init[674]: SHA256:xlWpRw1ik+9RID3LkFI1quQ/Sxf+4to2FCgX0Hc1kvY root@ubuntu-bionic
[   11.379063] cloud-init[674]: The key's randomart image is:
         Starting LSB: automatic crash report generation...
[   11.393861] cloud-init[674]: +---[ECDSA 256]---+
         Starting Accounts Service...
[   11.404721] cloud-init[674]: |        .+*=**.o.|
[   11.417299]          cloud-initStarting LSB: Record successful boot for GRUB...[674]: 
|        ..***+= .|
[   11.418680] cloud-init[674]: |        ..oX.=.  |
         Starting System Logging Service...
[   11.428330] cloud-init[674]: |       +.o+ B  E |
[[0;32m  OK  [0m] Started FUSE filesystem for LXC.
[   11.442526] cloud-init[674]: |        So o.o   |
[   11.447046] cloud-init[674]: |       . . .o.   |
[   11.449461] cloud-init[674]: |          +.o    |
[   11.450883] cloud-init[674]: |         . =+.   |
[   11.452839] cloud-init[674]: |          o+oo.  |
[   11.454068] cloud-init[674]: +----[SHA256]-----+
[   11.455438] cloud-init[674]: Generating public/private ed25519 key pair.
[   11.457204] cloud-init[674]: Your identification has been saved in /etc/ssh/ssh_host_ed25519_key.
[   11.459395] cloud-init[674]: Your public key has been saved in /etc/ssh/ssh_host_ed25519_key.pub.
[   11.461460] cloud-init[674]: The key fingerprint is:
[   11.463118] cloud-init[674]: SHA256:YkAqolFxdBzlMrfYvpsTZmqCRQrsdqrsR4AJ/h8KK7M root@ubuntu-bionic
[[0;32m  OK  [0m] Started Regular background program processing daemon.
[   11.482401] cloud-init[674]: The key's randomart image is:
[   11.484681] cloud-init[674]: +--[ED25519 256]--+
[   11.485159] cloud-init[674]: |  oo+.oo.        |
[   11.485688] cloud-init[674]: |.. + ...         |
[   11.486241] cloud-init[674]: |O.. . o o        |
[   11.497509] cloud-init[674]: |**  .. * .       |
[   11.498626] cloud-init[674]: |o.oo  + S        |
[   11.510089] cloud-init[674]: | +.+.o o+        |
[   11.520485] cloud-init[674]: |. *oo .+..       |
         Starting Dispatcher daemon for systemd-networkd...
[[0;32m  OK  [0m] Started D-Bus System Message Bus.
[   11.538569] cloud-init[674]: |+o.o..o .o       |
[   11.565155] cloud-init[674]: |E=.  o  +o       |
[   11.576348] cloud-init[674]: +----[SHA256]-----+
[[0;32m  OK  [0m] Started irqbalance daemon.
         Starting Snap Daemon...
[[0;32m  OK  [0m] Started System Logging Service.
[[0;32m  OK  [0m] Started LXD - container startup/shutdown.
[[0;32m  OK  [0m] Started Permit User Sessions.
[[0;32m  OK  [0m] Started Login Service.
         Starting Authorization Manager...
[[0;32m  OK  [0m] Started Unattended Upgrades Shutdown.
         Starting Hold until boot process finishes up...
         Starting Terminate Plymouth Boot Screen...
[[0;32m  OK  [0m] Started Hold until boot process finishes up.
[[0;32m  OK  [0m] Started Serial Getty on ttyS0.
         Starting Set console scheme...
[[0;32m  OK  [0m] Started Terminate Plymouth Boot Screen.
[[0;32m  OK  [0m] Started Set console scheme.
[[0;32m  OK  [0m] Created slice system-getty.slice.
[[0;32m  OK  [0m] Started Getty on tty1.
[[0;32m  OK  [0m] Reached target Login Prompts.
[[0;32m  OK  [0m] Started LSB: Record successful boot for GRUB.
[[0;32m  OK  [0m] Started LSB: automatic crash report generation.
[[0;32m  OK  [0m] Started Authorization Manager.
[[0;32m  OK  [0m] Started Accounts Service.
[[0;32m  OK  [0m] Started Dispatcher daemon for systemd-networkd.
[[0;32m  OK  [0m] Started Virtualbox guest utils.
[[0;32m  OK  [0m] Started Snap Daemon.
         Starting Wait until snapd is fully seeded...
         Starting Time & Date Service...
[[0;32m  OK  [0m] Started Time & Date Service.
[[0;32m  OK  [0m] Started Pollinate to seed the pseudo random number generator.
         Starting OpenBSD Secure Shell server...
[[0;32m  OK  [0m] Started OpenBSD Secure Shell server.
[[0;32m  OK  [0m] Started Wait until snapd is fully seeded.
         Starting Apply the settings specified in cloud-config...
[[0;32m  OK  [0m] Created slice User Slice of vagrant.
         Starting User Manager for UID 1000...
[[0;32m  OK  [0m] Started Session 1 of user vagrant.
[[0;32m  OK  [0m] Started User Manager for UID 1000.
[   15.951667] cloud-init[1213]: Cloud-init v. 22.3.4-0ubuntu1~18.04.1 running 'modules:config' at Tue, 29 Nov 2022 03:18:28 +0000. Up 15.09 seconds.
[[0;32m  OK  [0m] Started Apply the settings specified in cloud-config.
[[0;32m  OK  [0m] Reached target Multi-User System.
[[0;32m  OK  [0m] Reached target Graphical Interface.
         Starting Update UTMP about System Runlevel Changes...
         Starting Execute cloud user/final scripts...
[[0;32m  OK  [0m] Started Update UTMP about System Runlevel Changes.
ci-info: no authorized SSH keys fingerprints found for user ubuntu.
<14>Nov 29 03:18:30 cloud-init: #############################################################
<14>Nov 29 03:18:30 cloud-init: -----BEGIN SSH HOST KEY FINGERPRINTS-----
<14>Nov 29 03:18:30 cloud-init: 1024 SHA256:kVvVrOTomxd2EjqFNTSYSxpMQzvoX6JRmJ6G+Vgun7M root@ubuntu-bionic (DSA)
<14>Nov 29 03:18:30 cloud-init: 256 SHA256:xlWpRw1ik+9RID3LkFI1quQ/Sxf+4to2FCgX0Hc1kvY root@ubuntu-bionic (ECDSA)
<14>Nov 29 03:18:30 cloud-init: 256 SHA256:YkAqolFxdBzlMrfYvpsTZmqCRQrsdqrsR4AJ/h8KK7M root@ubuntu-bionic (ED25519)
<14>Nov 29 03:18:30 cloud-init: 2048 SHA256:4kPkLmrDOHNIBh5lxmQUfy48U7DhnHJbPUBsT7jLj0I root@ubuntu-bionic (RSA)
<14>Nov 29 03:18:30 cloud-init: -----END SSH HOST KEY FINGERPRINTS-----
<14>Nov 29 03:18:30 cloud-init: #############################################################
-----BEGIN SSH HOST KEY KEYS-----
ecdsa-sha2-nistp256 AAAAE2VjZHNhLXNoYTItbmlzdHAyNTYAAAAIbmlzdHAyNTYAAABBBKImbpLSHUd34FoIwHTLj12Sg1QooBtykqlK3YG8bych/DBcoLompWd17u8J26MBQlfoR75WD6IWml7fx1X2Cz4= root@ubuntu-bionic
ssh-ed25519 AAAAC3NzaC1lZDI1NTE5AAAAIBeeboPAE1kNInJvdMRvCwppVsQ+b3Sti98TgGujTBYU root@ubuntu-bionic
ssh-rsa AAAAB3NzaC1yc2EAAAADAQABAAABAQC8QOo+VxTRTyZXLzUA70vEzhg7YWDURmsVn6PPIC8DpI58mPca3IdktAjZ0hquKpWFuj4854A4oX9O5osGeAWRWYY+YFnFE1HGXlTVHcYiRrEoXgDFFBt7lM4YrjknI/P4wJwUDHXO2lQhLQElxAYq23OvJ93cSfkZy58U2vfWtAJRhZObserKg8PfybY5+lU74VbxAGdyx9EEeYDJvNfVRFYoGvPZ5Yb21mnyUcogdWfIaynfGAzdV9IaFzE1jyZHy2sTlecx1QyCO189d7A3tqTe6yOS1I0oeraMd+7PkrLI8T0B2K7nl8de+Vl89PwPwdpUKq6DJOFf0EF+DlJj root@ubuntu-bionic
-----END SSH HOST KEY KEYS-----
[   17.018362] cloud-init[1335]: Cloud-init v. 22.3.4-0ubuntu1~18.04.1 running 'modules:final' at Tue, 29 Nov 2022 03:18:30 +0000. Up 16.68 seconds.
[   17.019792] cloud-init[1335]: Cloud-init v. 22.3.4-0ubuntu1~18.04.1 finished at Tue, 29 Nov 2022 03:18:30 +0000. Datasource DataSourceNoCloud [seed=/dev/sdb][dsmode=net].  Up 16.99 seconds

Ubuntu 18.04.6 LTS ubuntu-bionic ttyS0

ubuntu-bionic login: 